../Drivers/STM32F7xx_HAL_Driver/Src/stm32f7xx_hal_rtc.c:651:13:HAL_RTC_MspInit	0	static
../Drivers/STM32F7xx_HAL_Driver/Src/stm32f7xx_hal_rtc.c:667:13:HAL_RTC_MspDeInit	0	static
../Drivers/STM32F7xx_HAL_Driver/Src/stm32f7xx_hal_rtc.c:1405:19:HAL_RTC_DeactivateAlarm	16	static
../Drivers/STM32F7xx_HAL_Driver/Src/stm32f7xx_hal_rtc.c:1605:13:HAL_RTC_AlarmAEventCallback	0	static
../Drivers/STM32F7xx_HAL_Driver/Src/stm32f7xx_hal_rtc.c:1554:6:HAL_RTC_AlarmIRQHandler	8	static
../Drivers/STM32F7xx_HAL_Driver/Src/stm32f7xx_hal_rtc.c:1622:19:HAL_RTC_PollForAlarmAEvent	16	static
../Drivers/STM32F7xx_HAL_Driver/Src/stm32f7xx_hal_rtc.c:1686:19:HAL_RTC_WaitForSynchro	16	static
../Drivers/STM32F7xx_HAL_Driver/Src/stm32f7xx_hal_rtc.c:1715:6:HAL_RTC_DST_Add1Hour	0	static
../Drivers/STM32F7xx_HAL_Driver/Src/stm32f7xx_hal_rtc.c:1729:6:HAL_RTC_DST_Sub1Hour	0	static
../Drivers/STM32F7xx_HAL_Driver/Src/stm32f7xx_hal_rtc.c:1743:6:HAL_RTC_DST_SetStoreOperation	0	static
../Drivers/STM32F7xx_HAL_Driver/Src/stm32f7xx_hal_rtc.c:1756:6:HAL_RTC_DST_ClearStoreOperation	0	static
../Drivers/STM32F7xx_HAL_Driver/Src/stm32f7xx_hal_rtc.c:1768:10:HAL_RTC_DST_ReadStoreOperation	0	static
../Drivers/STM32F7xx_HAL_Driver/Src/stm32f7xx_hal_rtc.c:1797:21:HAL_RTC_GetState	0	static
../Drivers/STM32F7xx_HAL_Driver/Src/stm32f7xx_hal_rtc.c:1823:19:RTC_EnterInitMode	16	static
../Drivers/STM32F7xx_HAL_Driver/Src/stm32f7xx_hal_rtc.c:1858:19:RTC_ExitInitMode	8	static
../Drivers/STM32F7xx_HAL_Driver/Src/stm32f7xx_hal_rtc.c:254:19:HAL_RTC_Init	8	static
../Drivers/STM32F7xx_HAL_Driver/Src/stm32f7xx_hal_rtc.c:367:19:HAL_RTC_DeInit	16	static
../Drivers/STM32F7xx_HAL_Driver/Src/stm32f7xx_hal_rtc.c:1884:9:RTC_ByteToBcd2	0	static
../Drivers/STM32F7xx_HAL_Driver/Src/stm32f7xx_hal_rtc.c:708:19:HAL_RTC_SetTime	24	static
../Drivers/STM32F7xx_HAL_Driver/Src/stm32f7xx_hal_rtc.c:867:19:HAL_RTC_SetDate	24	static
../Drivers/STM32F7xx_HAL_Driver/Src/stm32f7xx_hal_rtc.c:1014:19:HAL_RTC_SetAlarm	32	static
../Drivers/STM32F7xx_HAL_Driver/Src/stm32f7xx_hal_rtc.c:1211:19:HAL_RTC_SetAlarm_IT	40	static
../Drivers/STM32F7xx_HAL_Driver/Src/stm32f7xx_hal_rtc.c:1902:9:RTC_Bcd2ToByte	0	static
../Drivers/STM32F7xx_HAL_Driver/Src/stm32f7xx_hal_rtc.c:822:19:HAL_RTC_GetTime	16	static
../Drivers/STM32F7xx_HAL_Driver/Src/stm32f7xx_hal_rtc.c:956:19:HAL_RTC_GetDate	16	static
../Drivers/STM32F7xx_HAL_Driver/Src/stm32f7xx_hal_rtc.c:1503:19:HAL_RTC_GetAlarm	24	static
