../Drivers/STM32F7xx_HAL_Driver/Src/stm32f7xx_hal_rtc_ex.c:167:19:HAL_RTCEx_SetTimeStamp	8	static
../Drivers/STM32F7xx_HAL_Driver/Src/stm32f7xx_hal_rtc_ex.c:236:19:HAL_RTCEx_SetTimeStamp_IT	8	static
../Drivers/STM32F7xx_HAL_Driver/Src/stm32f7xx_hal_rtc_ex.c:299:19:HAL_RTCEx_DeactivateTimeStamp	0	static
../Drivers/STM32F7xx_HAL_Driver/Src/stm32f7xx_hal_rtc_ex.c:338:19:HAL_RTCEx_SetInternalTimeStamp	0	static
../Drivers/STM32F7xx_HAL_Driver/Src/stm32f7xx_hal_rtc_ex.c:369:19:HAL_RTCEx_DeactivateInternalTimeStamp	0	static
../Drivers/STM32F7xx_HAL_Driver/Src/stm32f7xx_hal_rtc_ex.c:405:19:HAL_RTCEx_GetTimeStamp	24	static
../Drivers/STM32F7xx_HAL_Driver/Src/stm32f7xx_hal_rtc_ex.c:462:19:HAL_RTCEx_SetTamper	20	static
../Drivers/STM32F7xx_HAL_Driver/Src/stm32f7xx_hal_rtc_ex.c:617:19:HAL_RTCEx_SetTamper_IT	20	static
../Drivers/STM32F7xx_HAL_Driver/Src/stm32f7xx_hal_rtc_ex.c:766:19:HAL_RTCEx_DeactivateTamper	0	static
../Drivers/STM32F7xx_HAL_Driver/Src/stm32f7xx_hal_rtc_ex.c:896:13:HAL_RTCEx_TimeStampEventCallback	0	static
../Drivers/STM32F7xx_HAL_Driver/Src/stm32f7xx_hal_rtc_ex.c:912:13:HAL_RTCEx_Tamper1EventCallback	0	static
../Drivers/STM32F7xx_HAL_Driver/Src/stm32f7xx_hal_rtc_ex.c:928:13:HAL_RTCEx_Tamper2EventCallback	0	static
../Drivers/STM32F7xx_HAL_Driver/Src/stm32f7xx_hal_rtc_ex.c:944:13:HAL_RTCEx_Tamper3EventCallback	0	static
../Drivers/STM32F7xx_HAL_Driver/Src/stm32f7xx_hal_rtc_ex.c:808:6:HAL_RTCEx_TamperTimeStampIRQHandler	8	static
../Drivers/STM32F7xx_HAL_Driver/Src/stm32f7xx_hal_rtc_ex.c:961:19:HAL_RTCEx_PollForTimeStampEvent	16	static
../Drivers/STM32F7xx_HAL_Driver/Src/stm32f7xx_hal_rtc_ex.c:1004:19:HAL_RTCEx_PollForTamper1Event	16	static
../Drivers/STM32F7xx_HAL_Driver/Src/stm32f7xx_hal_rtc_ex.c:1040:19:HAL_RTCEx_PollForTamper2Event	16	static
../Drivers/STM32F7xx_HAL_Driver/Src/stm32f7xx_hal_rtc_ex.c:1076:19:HAL_RTCEx_PollForTamper3Event	16	static
../Drivers/STM32F7xx_HAL_Driver/Src/stm32f7xx_hal_rtc_ex.c:1128:19:HAL_RTCEx_SetWakeUpTimer	24	static
../Drivers/STM32F7xx_HAL_Driver/Src/stm32f7xx_hal_rtc_ex.c:1224:19:HAL_RTCEx_SetWakeUpTimer_IT	24	static
../Drivers/STM32F7xx_HAL_Driver/Src/stm32f7xx_hal_rtc_ex.c:1325:19:HAL_RTCEx_DeactivateWakeUpTimer	16	static
../Drivers/STM32F7xx_HAL_Driver/Src/stm32f7xx_hal_rtc_ex.c:1380:10:HAL_RTCEx_GetWakeUpTimer	0	static
../Drivers/STM32F7xx_HAL_Driver/Src/stm32f7xx_hal_rtc_ex.c:1426:13:HAL_RTCEx_WakeUpTimerEventCallback	0	static
../Drivers/STM32F7xx_HAL_Driver/Src/stm32f7xx_hal_rtc_ex.c:1397:6:HAL_RTCEx_WakeUpTimerIRQHandler	8	static
../Drivers/STM32F7xx_HAL_Driver/Src/stm32f7xx_hal_rtc_ex.c:1443:19:HAL_RTCEx_PollForWakeUpTimerEvent	16	static
../Drivers/STM32F7xx_HAL_Driver/Src/stm32f7xx_hal_rtc_ex.c:1509:6:HAL_RTCEx_BKUPWrite	0	static
../Drivers/STM32F7xx_HAL_Driver/Src/stm32f7xx_hal_rtc_ex.c:1532:10:HAL_RTCEx_BKUPRead	0	static
../Drivers/STM32F7xx_HAL_Driver/Src/stm32f7xx_hal_rtc_ex.c:1566:19:HAL_RTCEx_SetSmoothCalib	24	static
../Drivers/STM32F7xx_HAL_Driver/Src/stm32f7xx_hal_rtc_ex.c:1638:19:HAL_RTCEx_SetSynchroShift	24	static
../Drivers/STM32F7xx_HAL_Driver/Src/stm32f7xx_hal_rtc_ex.c:1733:19:HAL_RTCEx_SetCalibrationOutPut	0	static
../Drivers/STM32F7xx_HAL_Driver/Src/stm32f7xx_hal_rtc_ex.c:1772:19:HAL_RTCEx_DeactivateCalibrationOutPut	0	static
../Drivers/STM32F7xx_HAL_Driver/Src/stm32f7xx_hal_rtc_ex.c:1802:19:HAL_RTCEx_SetRefClock	16	static
../Drivers/STM32F7xx_HAL_Driver/Src/stm32f7xx_hal_rtc_ex.c:1846:19:HAL_RTCEx_DeactivateRefClock	16	static
../Drivers/STM32F7xx_HAL_Driver/Src/stm32f7xx_hal_rtc_ex.c:1892:19:HAL_RTCEx_EnableBypassShadow	0	static
../Drivers/STM32F7xx_HAL_Driver/Src/stm32f7xx_hal_rtc_ex.c:1925:19:HAL_RTCEx_DisableBypassShadow	0	static
../Drivers/STM32F7xx_HAL_Driver/Src/stm32f7xx_hal_rtc_ex.c:1975:13:HAL_RTCEx_AlarmBEventCallback	0	static
../Drivers/STM32F7xx_HAL_Driver/Src/stm32f7xx_hal_rtc_ex.c:1992:19:HAL_RTCEx_PollForAlarmBEvent	16	static
