../Drivers/STM32F7xx_HAL_Driver/Src/stm32f7xx_hal_sai.c:2116:13:SAI_FillFifo	8	static
../Drivers/STM32F7xx_HAL_Driver/Src/stm32f7xx_hal_sai.c:2146:17:SAI_InterruptFlag	0	static
../Drivers/STM32F7xx_HAL_Driver/Src/stm32f7xx_hal_sai.c:2179:26:SAI_Disable.isra	0	static
../Drivers/STM32F7xx_HAL_Driver/Src/stm32f7xx_hal_sai.c:639:13:HAL_SAI_MspInit	0	static
../Drivers/STM32F7xx_HAL_Driver/Src/stm32f7xx_hal_sai.c:362:19:HAL_SAI_Init	16	static
../Drivers/STM32F7xx_HAL_Driver/Src/stm32f7xx_hal_sai.c:323:19:HAL_SAI_InitProtocol	8	static
../Drivers/STM32F7xx_HAL_Driver/Src/stm32f7xx_hal_sai.c:655:13:HAL_SAI_MspDeInit	0	static
../Drivers/STM32F7xx_HAL_Driver/Src/stm32f7xx_hal_sai.c:590:19:HAL_SAI_DeInit	16	static
../Drivers/STM32F7xx_HAL_Driver/Src/stm32f7xx_hal_sai.c:896:19:HAL_SAI_Transmit	24	static
../Drivers/STM32F7xx_HAL_Driver/Src/stm32f7xx_hal_sai.c:996:19:HAL_SAI_Receive	24	static
../Drivers/STM32F7xx_HAL_Driver/Src/stm32f7xx_hal_sai.c:1093:19:HAL_SAI_Transmit_IT	8	static
../Drivers/STM32F7xx_HAL_Driver/Src/stm32f7xx_hal_sai.c:1155:19:HAL_SAI_Receive_IT	8	static
../Drivers/STM32F7xx_HAL_Driver/Src/stm32f7xx_hal_sai.c:1213:19:HAL_SAI_DMAPause	0	static
../Drivers/STM32F7xx_HAL_Driver/Src/stm32f7xx_hal_sai.c:1233:19:HAL_SAI_DMAResume	0	static
../Drivers/STM32F7xx_HAL_Driver/Src/stm32f7xx_hal_sai.c:1260:19:HAL_SAI_DMAStop	16	static
../Drivers/STM32F7xx_HAL_Driver/Src/stm32f7xx_hal_sai.c:1319:19:HAL_SAI_Abort	16	static
../Drivers/STM32F7xx_HAL_Driver/Src/stm32f7xx_hal_sai.c:1387:19:HAL_SAI_Transmit_DMA	24	static
../Drivers/STM32F7xx_HAL_Driver/Src/stm32f7xx_hal_sai.c:1474:19:HAL_SAI_Receive_DMA	16	static
../Drivers/STM32F7xx_HAL_Driver/Src/stm32f7xx_hal_sai.c:1543:19:HAL_SAI_EnableTxMuteMode	0	static
../Drivers/STM32F7xx_HAL_Driver/Src/stm32f7xx_hal_sai.c:1562:19:HAL_SAI_DisableTxMuteMode	0	static
../Drivers/STM32F7xx_HAL_Driver/Src/stm32f7xx_hal_sai.c:1580:19:HAL_SAI_EnableRxMuteMode	8	static
../Drivers/STM32F7xx_HAL_Driver/Src/stm32f7xx_hal_sai.c:1603:19:HAL_SAI_DisableRxMuteMode	0	static
../Drivers/STM32F7xx_HAL_Driver/Src/stm32f7xx_hal_sai.c:1817:13:HAL_SAI_TxCpltCallback	0	static
../Drivers/STM32F7xx_HAL_Driver/Src/stm32f7xx_hal_sai.c:2266:13:SAI_Transmit_IT32Bit.part.0	8	static
../Drivers/STM32F7xx_HAL_Driver/Src/stm32f7xx_hal_sai.c:2237:13:SAI_Transmit_IT16Bit	4	static
../Drivers/STM32F7xx_HAL_Driver/Src/stm32f7xx_hal_sai.c:2209:13:SAI_Transmit_IT8Bit	0	static
../Drivers/STM32F7xx_HAL_Driver/Src/stm32f7xx_hal_sai.c:2266:13:SAI_Transmit_IT32Bit	4	static
../Drivers/STM32F7xx_HAL_Driver/Src/stm32f7xx_hal_sai.c:2387:13:SAI_DMATxCplt	16	static
../Drivers/STM32F7xx_HAL_Driver/Src/stm32f7xx_hal_sai.c:1833:13:HAL_SAI_TxHalfCpltCallback	0	static
../Drivers/STM32F7xx_HAL_Driver/Src/stm32f7xx_hal_sai.c:2416:13:SAI_DMATxHalfCplt	8	static
../Drivers/STM32F7xx_HAL_Driver/Src/stm32f7xx_hal_sai.c:1849:13:HAL_SAI_RxCpltCallback	0	static
../Drivers/STM32F7xx_HAL_Driver/Src/stm32f7xx_hal_sai.c:2356:13:SAI_Receive_IT32Bit	16	static
../Drivers/STM32F7xx_HAL_Driver/Src/stm32f7xx_hal_sai.c:2325:13:SAI_Receive_IT16Bit	16	static
../Drivers/STM32F7xx_HAL_Driver/Src/stm32f7xx_hal_sai.c:2295:13:SAI_Receive_IT8Bit	8	static
../Drivers/STM32F7xx_HAL_Driver/Src/stm32f7xx_hal_sai.c:2433:13:SAI_DMARxCplt	16	static
../Drivers/STM32F7xx_HAL_Driver/Src/stm32f7xx_hal_sai.c:1865:13:HAL_SAI_RxHalfCpltCallback	0	static
../Drivers/STM32F7xx_HAL_Driver/Src/stm32f7xx_hal_sai.c:2461:13:SAI_DMARxHalfCplt	8	static
../Drivers/STM32F7xx_HAL_Driver/Src/stm32f7xx_hal_sai.c:1881:13:HAL_SAI_ErrorCallback	0	static
../Drivers/STM32F7xx_HAL_Driver/Src/stm32f7xx_hal_sai.c:2478:13:SAI_DMAError	8	static
../Drivers/STM32F7xx_HAL_Driver/Src/stm32f7xx_hal_sai.c:1622:6:HAL_SAI_IRQHandler	16	static
../Drivers/STM32F7xx_HAL_Driver/Src/stm32f7xx_hal_sai.c:2513:13:SAI_DMAAbort	8	static
../Drivers/STM32F7xx_HAL_Driver/Src/stm32f7xx_hal_sai.c:1916:22:HAL_SAI_GetState	0	static
../Drivers/STM32F7xx_HAL_Driver/Src/stm32f7xx_hal_sai.c:1927:10:HAL_SAI_GetError	0	static
