Archive member included to satisfy reference by file (symbol)

/Applications/STM32CubeIDE.app/Contents/Eclipse/plugins/com.st.stm32cube.ide.mcu.externaltools.gnu-tools-for-stm32.12.3.rel1.macos64_1.0.100.202403111906/tools/bin/../lib/gcc/arm-none-eabi/12.3.1/../../../../arm-none-eabi/lib/thumb/v7e-m+fp/hard/libc_nano.a(libc_a-exit.o)
                              /Applications/STM32CubeIDE.app/Contents/Eclipse/plugins/com.st.stm32cube.ide.mcu.externaltools.gnu-tools-for-stm32.12.3.rel1.macos64_1.0.100.202403111906/tools/bin/../lib/gcc/arm-none-eabi/12.3.1/../../../../arm-none-eabi/lib/thumb/v7e-m+fp/hard/crt0.o (exit)
/Applications/STM32CubeIDE.app/Contents/Eclipse/plugins/com.st.stm32cube.ide.mcu.externaltools.gnu-tools-for-stm32.12.3.rel1.macos64_1.0.100.202403111906/tools/bin/../lib/gcc/arm-none-eabi/12.3.1/../../../../arm-none-eabi/lib/thumb/v7e-m+fp/hard/libc_nano.a(libc_a-malloc.o)
                              ./Middlewares/ST/STM32_USB_Host_Library/Class/CDC/Src/usbh_cdc.o (malloc)
/Applications/STM32CubeIDE.app/Contents/Eclipse/plugins/com.st.stm32cube.ide.mcu.externaltools.gnu-tools-for-stm32.12.3.rel1.macos64_1.0.100.202403111906/tools/bin/../lib/gcc/arm-none-eabi/12.3.1/../../../../arm-none-eabi/lib/thumb/v7e-m+fp/hard/libc_nano.a(libc_a-mallocr.o)
                              /Applications/STM32CubeIDE.app/Contents/Eclipse/plugins/com.st.stm32cube.ide.mcu.externaltools.gnu-tools-for-stm32.12.3.rel1.macos64_1.0.100.202403111906/tools/bin/../lib/gcc/arm-none-eabi/12.3.1/../../../../arm-none-eabi/lib/thumb/v7e-m+fp/hard/libc_nano.a(libc_a-malloc.o) (_malloc_r)
/Applications/STM32CubeIDE.app/Contents/Eclipse/plugins/com.st.stm32cube.ide.mcu.externaltools.gnu-tools-for-stm32.12.3.rel1.macos64_1.0.100.202403111906/tools/bin/../lib/gcc/arm-none-eabi/12.3.1/../../../../arm-none-eabi/lib/thumb/v7e-m+fp/hard/libc_nano.a(libc_a-mlock.o)
                              /Applications/STM32CubeIDE.app/Contents/Eclipse/plugins/com.st.stm32cube.ide.mcu.externaltools.gnu-tools-for-stm32.12.3.rel1.macos64_1.0.100.202403111906/tools/bin/../lib/gcc/arm-none-eabi/12.3.1/../../../../arm-none-eabi/lib/thumb/v7e-m+fp/hard/libc_nano.a(libc_a-mallocr.o) (__malloc_lock)
/Applications/STM32CubeIDE.app/Contents/Eclipse/plugins/com.st.stm32cube.ide.mcu.externaltools.gnu-tools-for-stm32.12.3.rel1.macos64_1.0.100.202403111906/tools/bin/../lib/gcc/arm-none-eabi/12.3.1/../../../../arm-none-eabi/lib/thumb/v7e-m+fp/hard/libc_nano.a(libc_a-findfp.o)
                              /Applications/STM32CubeIDE.app/Contents/Eclipse/plugins/com.st.stm32cube.ide.mcu.externaltools.gnu-tools-for-stm32.12.3.rel1.macos64_1.0.100.202403111906/tools/bin/../lib/gcc/arm-none-eabi/12.3.1/../../../../arm-none-eabi/lib/thumb/v7e-m+fp/hard/libc_nano.a(libc_a-exit.o) (__stdio_exit_handler)
/Applications/STM32CubeIDE.app/Contents/Eclipse/plugins/com.st.stm32cube.ide.mcu.externaltools.gnu-tools-for-stm32.12.3.rel1.macos64_1.0.100.202403111906/tools/bin/../lib/gcc/arm-none-eabi/12.3.1/../../../../arm-none-eabi/lib/thumb/v7e-m+fp/hard/libc_nano.a(libc_a-fwalk.o)
                              /Applications/STM32CubeIDE.app/Contents/Eclipse/plugins/com.st.stm32cube.ide.mcu.externaltools.gnu-tools-for-stm32.12.3.rel1.macos64_1.0.100.202403111906/tools/bin/../lib/gcc/arm-none-eabi/12.3.1/../../../../arm-none-eabi/lib/thumb/v7e-m+fp/hard/libc_nano.a(libc_a-findfp.o) (_fwalk_sglue)
/Applications/STM32CubeIDE.app/Contents/Eclipse/plugins/com.st.stm32cube.ide.mcu.externaltools.gnu-tools-for-stm32.12.3.rel1.macos64_1.0.100.202403111906/tools/bin/../lib/gcc/arm-none-eabi/12.3.1/../../../../arm-none-eabi/lib/thumb/v7e-m+fp/hard/libc_nano.a(libc_a-memset.o)
                              /Applications/STM32CubeIDE.app/Contents/Eclipse/plugins/com.st.stm32cube.ide.mcu.externaltools.gnu-tools-for-stm32.12.3.rel1.macos64_1.0.100.202403111906/tools/bin/../lib/gcc/arm-none-eabi/12.3.1/../../../../arm-none-eabi/lib/thumb/v7e-m+fp/hard/crt0.o (memset)
/Applications/STM32CubeIDE.app/Contents/Eclipse/plugins/com.st.stm32cube.ide.mcu.externaltools.gnu-tools-for-stm32.12.3.rel1.macos64_1.0.100.202403111906/tools/bin/../lib/gcc/arm-none-eabi/12.3.1/../../../../arm-none-eabi/lib/thumb/v7e-m+fp/hard/libc_nano.a(libc_a-impure.o)
                              /Applications/STM32CubeIDE.app/Contents/Eclipse/plugins/com.st.stm32cube.ide.mcu.externaltools.gnu-tools-for-stm32.12.3.rel1.macos64_1.0.100.202403111906/tools/bin/../lib/gcc/arm-none-eabi/12.3.1/../../../../arm-none-eabi/lib/thumb/v7e-m+fp/hard/libc_nano.a(libc_a-malloc.o) (_impure_ptr)
/Applications/STM32CubeIDE.app/Contents/Eclipse/plugins/com.st.stm32cube.ide.mcu.externaltools.gnu-tools-for-stm32.12.3.rel1.macos64_1.0.100.202403111906/tools/bin/../lib/gcc/arm-none-eabi/12.3.1/../../../../arm-none-eabi/lib/thumb/v7e-m+fp/hard/libc_nano.a(libc_a-sbrkr.o)
[...]
Memory Configuration

Name             Origin             Length             Attributes
RAM              0x20000000         0x00050000         xrw
FLASH            0x08000000         0x00100000         xr
*default*        0x00000000         0xffffffff

Linker script and memory map

LOAD /Applications/STM32CubeIDE.app/Contents/Eclipse/plugins/com.st.stm32cube.ide.mcu.externaltools.gnu-tools-for-stm32.12.3.rel1.macos64_1.0.100.202403111906/tools/bin/../lib/gcc/arm-none-eabi/12.3.1/thumb/v7e-m+fp/hard/crti.o
LOAD /Applications/STM32CubeIDE.app/Contents/Eclipse/plugins/com.st.stm32cube.ide.mcu.externaltools.gnu-tools-for-stm32.12.3.rel1.macos64_1.0.100.202403111906/tools/bin/../lib/gcc/arm-none-eabi/12.3.1/thumb/v7e-m+fp/hard/crtbegin.o
LOAD /Applications/STM32CubeIDE.app/Contents/Eclipse/plugins/com.st.stm32cube.ide.mcu.externaltools.gnu-tools-for-stm32.12.3.rel1.macos64_1.0.100.202403111906/tools/bin/../lib/gcc/arm-none-eabi/12.3.1/../../../../arm-none-eabi/lib/thumb/v7e-m+fp/hard/crt0.o
LOAD ./Core/Src/main.o
LOAD ./Core/Src/stm32f7xx_hal_msp.o
LOAD ./Core/Src/stm32f7xx_hal_timebase_tim.o
LOAD ./Core/Src/stm32f7xx_it.o
LOAD ./Core/Src/syscalls.o
LOAD ./Core/Src/sysmem.o
LOAD ./Core/Src/system_stm32f7xx.o
LOAD ./Core/Startup/startup_stm32f746nghx.o
LOAD ./Drivers/STM32F7xx_HAL_Driver/Src/stm32f7xx_hal.o
LOAD ./Drivers/STM32F7xx_HAL_Driver/Src/stm32f7xx_hal_cortex.o
LOAD ./Drivers/STM32F7xx_HAL_Driver/Src/stm32f7xx_hal_dma.o
LOAD ./Drivers/STM32F7xx_HAL_Driver/Src/stm32f7xx_hal_dma_ex.o
LOAD ./Drivers/STM32F7xx_HAL_Driver/Src/stm32f7xx_hal_exti.o
LOAD ./Drivers/STM32F7xx_HAL_Driver/Src/stm32f7xx_hal_flash.o
LOAD ./Drivers/STM32F7xx_HAL_Driver/Src/stm32f7xx_hal_flash_ex.o
LOAD ./Drivers/STM32F7xx_HAL_Driver/Src/stm32f7xx_hal_gpio.o
LOAD ./Drivers/STM32F7xx_HAL_Driver/Src/stm32f7xx_hal_hcd.o
LOAD ./Drivers/STM32F7xx_HAL_Driver/Src/stm32f7xx_hal_i2c.o
LOAD ./Drivers/STM32F7xx_HAL_Driver/Src/stm32f7xx_hal_i2c_ex.o
LOAD ./Drivers/STM32F7xx_HAL_Driver/Src/stm32f7xx_hal_pwr.o
LOAD ./Drivers/STM32F7xx_HAL_Driver/Src/stm32f7xx_hal_pwr_ex.o
LOAD ./Drivers/STM32F7xx_HAL_Driver/Src/stm32f7xx_hal_rcc.o
LOAD ./Drivers/STM32F7xx_HAL_Driver/Src/stm32f7xx_hal_rcc_ex.o
LOAD ./Drivers/STM32F7xx_HAL_Driver/Src/stm32f7xx_hal_rtc.o
LOAD ./Drivers/STM32F7xx_HAL_Driver/Src/stm32f7xx_hal_rtc_ex.o
LOAD ./Drivers/STM32F7xx_HAL_Driver/Src/stm32f7xx_hal_sai.o
LOAD ./Drivers/STM32F7xx_HAL_Driver/Src/stm32f7xx_hal_sai_ex.o
LOAD ./Drivers/STM32F7xx_HAL_Driver/Src/stm32f7xx_hal_tim.o
LOAD ./Drivers/STM32F7xx_HAL_Driver/Src/stm32f7xx_hal_tim_ex.o
LOAD ./Drivers/STM32F7xx_HAL_Driver/Src/stm32f7xx_ll_usb.o
LOAD ./Drivers/WM8994/Src/wm8994.o
LOAD ./Drivers/WM8994/Src/wm8994_reg.o
LOAD ./Middlewares/ST/STM32_USB_Host_Library/Class/CDC/Src/usbh_cdc.o
LOAD ./Middlewares/ST/STM32_USB_Host_Library/Core/Src/usbh_core.o
LOAD ./Middlewares/ST/STM32_USB_Host_Library/Core/Src/usbh_ctlreq.o
LOAD ./Middlewares/ST/STM32_USB_Host_Library/Core/Src/usbh_ioreq.o
LOAD ./Middlewares/ST/STM32_USB_Host_Library/Core/Src/usbh_pipes.o
LOAD ./USB_HOST/App/usb_host.o
LOAD ./USB_HOST/Target/usbh_conf.o
LOAD ./USB_HOST/Target/usbh_platform.o
START GROUP
LOAD /Applications/STM32CubeIDE.app/Contents/Eclipse/plugins/com.st.stm32cube.ide.mcu.externaltools.gnu-tools-for-stm32.12.3.rel1.macos64_1.0.100.202403111906/tools/bin/../lib/gcc/arm-none-eabi/12.3.1/../../../../arm-none-eabi/lib/thumb/v7e-m+fp/hard/libc_nano.a
LOAD /Applications/STM32CubeIDE.app/Contents/Eclipse/plugins/com.st.stm32cube.ide.mcu.externaltools.gnu-tools-for-stm32.12.3.rel1.macos64_1.0.100.202403111906/tools/bin/../lib/gcc/arm-none-eabi/12.3.1/../../../../arm-none-eabi/lib/thumb/v7e-m+fp/hard/libm.a
END GROUP
START GROUP
LOAD /Applications/STM32CubeIDE.app/Contents/Eclipse/plugins/com.st.stm32cube.ide.mcu.externaltools.gnu-tools-for-stm32.12.3.rel1.macos64_1.0.100.202403111906/tools/bin/../lib/gcc/arm-none-eabi/12.3.1/thumb/v7e-m+fp/hard/libgcc.a
LOAD /Applications/STM32CubeIDE.app/Contents/Eclipse/plugins/com.st.stm32cube.ide.mcu.externaltools.gnu-tools-for-stm32.12.3.rel1.macos64_1.0.100.202403111906/tools/bin/../lib/gcc/arm-none-eabi/12.3.1/../../../../arm-none-eabi/lib/thumb/v7e-m+fp/hard/libc_nano.a
END GROUP
START GROUP
LOAD /Applications/STM32CubeIDE.app/Contents/Eclipse/plugins/com.st.stm32cube.ide.mcu.externaltools.gnu-tools-for-stm32.12.3.rel1.macos64_1.0.100.202403111906/tools/bin/../lib/gcc/arm-none-eabi/12.3.1/thumb/v7e-m+fp/hard/libgcc.a
LOAD /Applications/STM32CubeIDE.app/Contents/Eclipse/plugins/com.st.stm32cube.ide.mcu.externaltools.gnu-tools-for-stm32.12.3.rel1.macos64_1.0.100.202403111906/tools/bin/../lib/gcc/arm-none-eabi/12.3.1/../../../../arm-none-eabi/lib/thumb/v7e-m+fp/hard/libc_nano.a
LOAD /Applications/STM32CubeIDE.app/Contents/Eclipse/plugins/com.st.stm32cube.ide.mcu.externaltools.gnu-tools-for-stm32.12.3.rel1.macos64_1.0.100.202403111906/tools/bin/../lib/gcc/arm-none-eabi/12.3.1/../../../../arm-none-eabi/lib/thumb/v7e-m+fp/hard/libnosys.a
END GROUP
START GROUP
LOAD /Applications/STM32CubeIDE.app/Contents/Eclipse/plugins/com.st.stm32cube.ide.mcu.externaltools.gnu-tools-for-stm32.12.3.rel1.macos64_1.0.100.202403111906/tools/bin/../lib/gcc/arm-none-eabi/12.3.1/thumb/v7e-m+fp/hard/libgcc.a
LOAD /Applications/STM32CubeIDE.app/Contents/Eclipse/plugins/com.st.stm32cube.ide.mcu.externaltools.gnu-tools-for-stm32.12.3.rel1.macos64_1.0.100.202403111906/tools/bin/../lib/gcc/arm-none-eabi/12.3.1/../../../../arm-none-eabi/lib/thumb/v7e-m+fp/hard/libc_nano.a
LOAD /Applications/STM32CubeIDE.app/Contents/Eclipse/plugins/com.st.stm32cube.ide.mcu.externaltools.gnu-tools-for-stm32.12.3.rel1.macos64_1.0.100.202403111906/tools/bin/../lib/gcc/arm-none-eabi/12.3.1/../../../../arm-none-eabi/lib/thumb/v7e-m+fp/hard/libnosys.a
END GROUP
LOAD /Applications/STM32CubeIDE.app/Contents/Eclipse/plugins/com.st.stm32cube.ide.mcu.externaltools.gnu-tools-for-stm32.12.3.rel1.macos64_1.0.100.202403111906/tools/bin/../lib/gcc/arm-none-eabi/12.3.1/thumb/v7e-m+fp/hard/crtend.o
LOAD /Applications/STM32CubeIDE.app/Contents/Eclipse/plugins/com.st.stm32cube.ide.mcu.externaltools.gnu-tools-for-stm32.12.3.rel1.macos64_1.0.100.202403111906/tools/bin/../lib/gcc/arm-none-eabi/12.3.1/thumb/v7e-m+fp/hard/crtn.o
                0x20050000                        _estack = (ORIGIN (RAM) + LENGTH (RAM))
                0x00000200                        _Min_Heap_Size = 0x200
                0x00000400                        _Min_Stack_Size = 0x400

.isr_vector     0x08000000      0x1c8
                0x08000000                        . = ALIGN (0x4)
 *(.isr_vector)
 .isr_vector    0x08000000      0x1c8 ./Core/Startup/startup_stm32f746nghx.o
                0x08000000                g_pfnVectors
                0x080001c8                        . = ALIGN (0x4)

.text           0x080001c8     0x68e4
                0x080001c8                        . = ALIGN (0x4)
 *(.text)
 .text          0x080001c8       0x40 /Applications/STM32CubeIDE.app/Contents/Eclipse/plugins/com.st.stm32cube.ide.mcu.externaltools.gnu-tools-for-stm32.12.3.rel1.macos64_1.0.100.202403111906/tools/bin/../lib/gcc/arm-none-eabi/12.3.1/thumb/v7e-m+fp/hard/crtbegin.o
 .text          0x08000208       0x30 /Applications/STM32CubeIDE.app/Contents/Eclipse/plugins/com.st.stm32cube.ide.mcu.externaltools.gnu-tools-for-stm32.12.3.rel1.macos64_1.0.100.202403111906/tools/bin/../lib/gcc/arm-none-eabi/12.3.1/thumb/v7e-m+fp/hard/libgcc.a(_aeabi_uldivmod.o)
                0x08000208                __aeabi_uldivmod
 .text          0x08000238      0x2bc /Applications/STM32CubeIDE.app/Contents/Eclipse/plugins/com.st.stm32cube.ide.mcu.externaltools.gnu-tools-for-stm32.12.3.rel1.macos64_1.0.100.202403111906/tools/bin/../lib/gcc/arm-none-eabi/12.3.1/thumb/v7e-m+fp/hard/libgcc.a(_udivmoddi4.o)
                0x08000238                __udivmoddi4
 .text          0x080004f4        0x4 /Applications/STM32CubeIDE.app/Contents/Eclipse/plugins/com.st.stm32cube.ide.mcu.externaltools.gnu-tools-for-stm32.12.3.rel1.macos64_1.0.100.202403111906/tools/bin/../lib/gcc/arm-none-eabi/12.3.1/thumb/v7e-m+fp/hard/libgcc.a(_dvmd_tls.o)
                0x080004f4                __aeabi_ldiv0
                0x080004f4                __aeabi_idiv0
 *(.text*)
 .text.HAL_SAI_TxHalfCpltCallback
                0x080004f8        0x2 ./Core/Src/main.o
                0x080004f8                HAL_SAI_TxHalfCpltCallback
 .text.HAL_SAI_TxCpltCallback
                0x080004fa        0x2 ./Core/Src/main.o
                0x080004fa                HAL_SAI_TxCpltCallback
 .text.HAL_SAI_RxHalfCpltCallback
                0x080004fc        0x2 ./Core/Src/main.o
                0x080004fc                HAL_SAI_RxHalfCpltCallback
 .text.HAL_SAI_RxCpltCallback
                0x080004fe        0x2 ./Core/Src/main.o
                0x080004fe                HAL_SAI_RxCpltCallback
 .text.SystemClock_Config
                0x08000500       0xb0 ./Core/Src/main.o
                0x08000500                SystemClock_Config
 .text.PeriphCommonClock_Config
                0x080005b0       0x4a ./Core/Src/main.o
                0x080005b0                PeriphCommonClock_Config
 *fill*         0x080005fa        0x2 
 .text.startup.main
                0x080005fc      0x828 ./Core/Src/main.o
                0x080005fc                main
 .text.HAL_TIM_PeriodElapsedCallback
                0x08000e24       0x14 ./Core/Src/main.o
                0x08000e24                HAL_TIM_PeriodElapsedCallback
 .text.Error_Handler
                0x08000e38        0x4 ./Core/Src/main.o
                0x08000e38                Error_Handler
 .text.HAL_MspInit
                0x08000e3c       0x30 ./Core/Src/stm32f7xx_hal_msp.o
                0x08000e3c                HAL_MspInit
 .text.HAL_I2C_MspInit
                0x08000e6c       0x88 ./Core/Src/stm32f7xx_hal_msp.o
                0x08000e6c                HAL_I2C_MspInit
 .text.HAL_RTC_MspInit
                0x08000ef4       0x44 ./Core/Src/stm32f7xx_hal_msp.o
                0x08000ef4                HAL_RTC_MspInit
 .text.HAL_SAI_MspInit
                0x08000f38      0x138 ./Core/Src/stm32f7xx_hal_msp.o
                0x08000f38                HAL_SAI_MspInit
 .text.HAL_InitTick
                0x08001070       0x9c ./Core/Src/stm32f7xx_hal_timebase_tim.o
                0x08001070                HAL_InitTick
 .text.NMI_Handler
                0x0800110c        0x2 ./Core/Src/stm32f7xx_it.o
                0x0800110c                NMI_Handler
 .text.HardFault_Handler
                0x0800110e        0x2 ./Core/Src/stm32f7xx_it.o
                0x0800110e                HardFault_Handler
 .text.MemManage_Handler
                0x08001110        0x2 ./Core/Src/stm32f7xx_it.o
                0x08001110                MemManage_Handler
 .text.BusFault_Handler
                0x08001112        0x2 ./Core/Src/stm32f7xx_it.o
                0x08001112                BusFault_Handler
 .text.UsageFault_Handler
                0x08001114        0x2 ./Core/Src/stm32f7xx_it.o
                0x08001114                UsageFault_Handler
 .text.SVC_Handler
                0x08001116        0x2 ./Core/Src/stm32f7xx_it.o
                0x08001116                SVC_Handler
 .text.DebugMon_Handler
                0x08001118        0x2 ./Core/Src/stm32f7xx_it.o
                0x08001118                DebugMon_Handler
 .text.PendSV_Handler
                0x0800111a        0x2 ./Core/Src/stm32f7xx_it.o
                0x0800111a                PendSV_Handler
 .text.SysTick_Handler
                0x0800111c        0x2 ./Core/Src/stm32f7xx_it.o
                0x0800111c                SysTick_Handler
 *fill*         0x0800111e        0x2 
 .text.TIM6_DAC_IRQHandler
                0x08001120        0xc ./Core/Src/stm32f7xx_it.o
                0x08001120                TIM6_DAC_IRQHandler
 .text.DMA2_Stream4_IRQHandler
                0x0800112c        0xc ./Core/Src/stm32f7xx_it.o
                0x0800112c                DMA2_Stream4_IRQHandler
 .text.OTG_FS_IRQHandler
                0x08001138        0xc ./Core/Src/stm32f7xx_it.o
                0x08001138                OTG_FS_IRQHandler
 .text.DMA2_Stream6_IRQHandler
                0x08001144        0xc ./Core/Src/stm32f7xx_it.o
                0x08001144                DMA2_Stream6_IRQHandler
 .text._sbrk    0x08001150       0x40 ./Core/Src/sysmem.o
                0x08001150                _sbrk
 .text.SystemInit
                0x08001190       0x14 ./Core/Src/system_stm32f7xx.o
                0x08001190                SystemInit
 .text.Reset_Handler
                0x080011a4       0x50 ./Core/Startup/startup_stm32f746nghx.o
                0x080011a4                Reset_Handler
 .text.Default_Handler
                0x080011f4        0x2 ./Core/Startup/startup_stm32f746nghx.o
                0x080011f4                DMA1_Stream3_IRQHandler
                0x080011f4                EXTI2_IRQHandler
                0x080011f4                TIM8_CC_IRQHandler
                0x080011f4                UART8_IRQHandler
                0x080011f4                SPI4_IRQHandler
                0x080011f4                TIM1_CC_IRQHandler
                0x080011f4                DMA2_Stream5_IRQHandler
                0x080011f4                DMA1_Stream5_IRQHandler
                0x080011f4                PVD_IRQHandler
                0x080011f4                TAMP_STAMP_IRQHandler
                0x080011f4                CAN2_RX1_IRQHandler
                0x080011f4                EXTI3_IRQHandler
                0x080011f4                TIM8_TRG_COM_TIM14_IRQHandler
                0x080011f4                TIM1_UP_TIM10_IRQHandler
                0x080011f4                TIM8_UP_TIM13_IRQHandler
                0x080011f4                I2C3_ER_IRQHandler
                0x080011f4                EXTI0_IRQHandler
                0x080011f4                I2C2_EV_IRQHandler
                0x080011f4                DMA1_Stream2_IRQHandler
                0x080011f4                CAN1_RX0_IRQHandler
                0x080011f4                FPU_IRQHandler
                0x080011f4                OTG_HS_WKUP_IRQHandler
                0x080011f4                LTDC_ER_IRQHandler
                0x080011f4                CAN2_SCE_IRQHandler
                0x080011f4                DMA2_Stream2_IRQHandler
                0x080011f4                SPI1_IRQHandler
                0x080011f4                TIM1_BRK_TIM9_IRQHandler
                0x080011f4                DCMI_IRQHandler
                0x080011f4                CAN2_RX0_IRQHandler
                0x080011f4                DMA2_Stream3_IRQHandler
                0x080011f4                SAI2_IRQHandler
                0x080011f4                USART6_IRQHandler
                0x080011f4                USART3_IRQHandler
                0x080011f4                CAN1_RX1_IRQHandler
                0x080011f4                UART5_IRQHandler
                0x080011f4                DMA2_Stream0_IRQHandler
                0x080011f4                TIM4_IRQHandler
                0x080011f4                QUADSPI_IRQHandler
                0x080011f4                I2C1_EV_IRQHandler
                0x080011f4                DMA1_Stream6_IRQHandler
                0x080011f4                DMA1_Stream1_IRQHandler
                0x080011f4                UART4_IRQHandler
                0x080011f4                TIM3_IRQHandler
                0x080011f4                RCC_IRQHandler
                0x080011f4                TIM8_BRK_TIM12_IRQHandler
                0x080011f4                Default_Handler
                0x080011f4                CEC_IRQHandler
                0x080011f4                EXTI15_10_IRQHandler
                0x080011f4                ADC_IRQHandler
                0x080011f4                DMA1_Stream7_IRQHandler
                0x080011f4                SPI5_IRQHandler
                0x080011f4                TIM7_IRQHandler
                0x080011f4                SDMMC1_IRQHandler
                0x080011f4                CAN2_TX_IRQHandler
                0x080011f4                TIM5_IRQHandler
                0x080011f4                DMA2_Stream7_IRQHandler
                0x080011f4                I2C3_EV_IRQHandler
                0x080011f4                EXTI9_5_IRQHandler
                0x080011f4                RTC_WKUP_IRQHandler
                0x080011f4                LTDC_IRQHandler
                0x080011f4                ETH_WKUP_IRQHandler
                0x080011f4                SPDIF_RX_IRQHandler
                0x080011f4                SPI2_IRQHandler
                0x080011f4                OTG_HS_EP1_IN_IRQHandler
                0x080011f4                DMA1_Stream0_IRQHandler
                0x080011f4                CAN1_TX_IRQHandler
                0x080011f4                EXTI4_IRQHandler
                0x080011f4                RNG_IRQHandler
                0x080011f4                ETH_IRQHandler
                0x080011f4                OTG_HS_EP1_OUT_IRQHandler
                0x080011f4                WWDG_IRQHandler
                0x080011f4                SPI6_IRQHandler
                0x080011f4                I2C4_EV_IRQHandler
                0x080011f4                TIM2_IRQHandler
                0x080011f4                OTG_FS_WKUP_IRQHandler
                0x080011f4                TIM1_TRG_COM_TIM11_IRQHandler
                0x080011f4                OTG_HS_IRQHandler
                0x080011f4                DMA2D_IRQHandler
                0x080011f4                EXTI1_IRQHandler
                0x080011f4                UART7_IRQHandler
                0x080011f4                USART2_IRQHandler
                0x080011f4                I2C2_ER_IRQHandler
                0x080011f4                DMA2_Stream1_IRQHandler
                0x080011f4                CAN1_SCE_IRQHandler
                0x080011f4                FLASH_IRQHandler
                0x080011f4                USART1_IRQHandler
                0x080011f4                SPI3_IRQHandler
                0x080011f4                DMA1_Stream4_IRQHandler
                0x080011f4                I2C1_ER_IRQHandler
                0x080011f4                FMC_IRQHandler
                0x080011f4                LPTIM1_IRQHandler
                0x080011f4                I2C4_ER_IRQHandler
                0x080011f4                SAI1_IRQHandler
                0x080011f4                RTC_Alarm_IRQHandler
 .text.HAL_Init
                0x080011f6       0x16 ./Drivers/STM32F7xx_HAL_Driver/Src/stm32f7xx_hal.o
                0x080011f6                HAL_Init
 .text.HAL_IncTick
                0x0800120c       0x18 ./Drivers/STM32F7xx_HAL_Driver/Src/stm32f7xx_hal.o
                0x0800120c                HAL_IncTick
 .text.HAL_GetTick
                0x08001224        0xc ./Drivers/STM32F7xx_HAL_Driver/Src/stm32f7xx_hal.o
                0x08001224                HAL_GetTick
 .text.HAL_Delay
                0x08001230       0x24 ./Drivers/STM32F7xx_HAL_Driver/Src/stm32f7xx_hal.o
                0x08001230                HAL_Delay
 .text.HAL_NVIC_SetPriorityGrouping
                0x08001254       0x24 ./Drivers/STM32F7xx_HAL_Driver/Src/stm32f7xx_hal_cortex.o
                0x08001254                HAL_NVIC_SetPriorityGrouping
 .text.HAL_NVIC_SetPriority
                0x08001278       0x64 ./Drivers/STM32F7xx_HAL_Driver/Src/stm32f7xx_hal_cortex.o
                0x08001278                HAL_NVIC_SetPriority
 .text.HAL_NVIC_EnableIRQ
                0x080012dc       0x1c ./Drivers/STM32F7xx_HAL_Driver/Src/stm32f7xx_hal_cortex.o
                0x080012dc                HAL_NVIC_EnableIRQ
 .text.DMA_CalcBaseAndBitshift
                0x080012f8       0x2c ./Drivers/STM32F7xx_HAL_Driver/Src/stm32f7xx_hal_dma.o
 .text.HAL_DMA_Init
                0x08001324       0xfc ./Drivers/STM32F7xx_HAL_Driver/Src/stm32f7xx_hal_dma.o
                0x08001324                HAL_DMA_Init
 .text.HAL_DMA_Start_IT
                0x08001420       0x7a ./Drivers/STM32F7xx_HAL_Driver/Src/stm32f7xx_hal_dma.o
                0x08001420                HAL_DMA_Start_IT
 *fill*         0x0800149a        0x2 
 .text.HAL_DMA_IRQHandler
                0x0800149c      0x17c ./Drivers/STM32F7xx_HAL_Driver/Src/stm32f7xx_hal_dma.o
                0x0800149c                HAL_DMA_IRQHandler
 .text.HAL_GPIO_Init
                0x08001618      0x1c8 ./Drivers/STM32F7xx_HAL_Driver/Src/stm32f7xx_hal_gpio.o
                0x08001618                HAL_GPIO_Init
 .text.HAL_GPIO_WritePin
                0x080017e0        0xa ./Drivers/STM32F7xx_HAL_Driver/Src/stm32f7xx_hal_gpio.o
                0x080017e0                HAL_GPIO_WritePin
 .text.HAL_HCD_HC_Halt
                0x080017ea       0x24 ./Drivers/STM32F7xx_HAL_Driver/Src/stm32f7xx_hal_hcd.o
                0x080017ea                HAL_HCD_HC_Halt
 .text.HAL_HCD_Init
                0x0800180e       0x7a ./Drivers/STM32F7xx_HAL_Driver/Src/stm32f7xx_hal_hcd.o
                0x0800180e                HAL_HCD_Init
 .text.HAL_HCD_HC_SubmitRequest
                0x08001888       0xd0 ./Drivers/STM32F7xx_HAL_Driver/Src/stm32f7xx_hal_hcd.o
                0x08001888                HAL_HCD_HC_SubmitRequest
 .text.HAL_HCD_IRQHandler
                0x08001958      0x8ac ./Drivers/STM32F7xx_HAL_Driver/Src/stm32f7xx_hal_hcd.o
                0x08001958                HAL_HCD_IRQHandler
 .text.HAL_HCD_Start
                0x08002204       0x2a ./Drivers/STM32F7xx_HAL_Driver/Src/stm32f7xx_hal_hcd.o
                0x08002204                HAL_HCD_Start
 .text.HAL_HCD_Stop
                0x0800222e       0x24 ./Drivers/STM32F7xx_HAL_Driver/Src/stm32f7xx_hal_hcd.o
                0x0800222e                HAL_HCD_Stop
 .text.HAL_HCD_ResetPort
                0x08002252        0x6 ./Drivers/STM32F7xx_HAL_Driver/Src/stm32f7xx_hal_hcd.o
                0x08002252                HAL_HCD_ResetPort
 .text.HAL_HCD_HC_GetURBState
                0x08002258        0xc ./Drivers/STM32F7xx_HAL_Driver/Src/stm32f7xx_hal_hcd.o
                0x08002258                HAL_HCD_HC_GetURBState
 .text.HAL_HCD_HC_GetXferCount
                0x08002264        0xa ./Drivers/STM32F7xx_HAL_Driver/Src/stm32f7xx_hal_hcd.o
                0x08002264                HAL_HCD_HC_GetXferCount
 .text.HAL_HCD_GetCurrentFrame
                0x0800226e        0x6 ./Drivers/STM32F7xx_HAL_Driver/Src/stm32f7xx_hal_hcd.o
                0x0800226e                HAL_HCD_GetCurrentFrame
 .text.HAL_HCD_GetCurrentSpeed
                0x08002274        0x6 ./Drivers/STM32F7xx_HAL_Driver/Src/stm32f7xx_hal_hcd.o
                0x08002274                HAL_HCD_GetCurrentSpeed
 .text.HAL_HCD_HC_ClearHubInfo
                0x0800227a        0xe ./Drivers/STM32F7xx_HAL_Driver/Src/stm32f7xx_hal_hcd.o
                0x0800227a                HAL_HCD_HC_ClearHubInfo
 .text.HAL_HCD_HC_Init
                0x08002288       0x96 ./Drivers/STM32F7xx_HAL_Driver/Src/stm32f7xx_hal_hcd.o
                0x08002288                HAL_HCD_HC_Init
 .text.HAL_I2C_Init
                0x0800231e       0xaa ./Drivers/STM32F7xx_HAL_Driver/Src/stm32f7xx_hal_i2c.o
                0x0800231e                HAL_I2C_Init
 .text.HAL_I2CEx_ConfigAnalogFilter
                0x080023c8       0x4c ./Drivers/STM32F7xx_HAL_Driver/Src/stm32f7xx_hal_i2c_ex.o
                0x080023c8                HAL_I2CEx_ConfigAnalogFilter
 .text.HAL_I2CEx_ConfigDigitalFilter
                0x08002414       0x4a ./Drivers/STM32F7xx_HAL_Driver/Src/stm32f7xx_hal_i2c_ex.o
                0x08002414                HAL_I2CEx_ConfigDigitalFilter
 *fill*         0x0800245e        0x2 
 .text.HAL_PWR_EnableBkUpAccess
                0x08002460       0x10 ./Drivers/STM32F7xx_HAL_Driver/Src/stm32f7xx_hal_pwr.o
                0x08002460                HAL_PWR_EnableBkUpAccess
 .text.HAL_PWREx_EnableOverDrive
                0x08002470       0x70 ./Drivers/STM32F7xx_HAL_Driver/Src/stm32f7xx_hal_pwr_ex.o
                0x08002470                HAL_PWREx_EnableOverDrive
 .text.HAL_RCC_OscConfig
                0x080024e0      0x374 ./Drivers/STM32F7xx_HAL_Driver/Src/stm32f7xx_hal_rcc.o
                0x080024e0                HAL_RCC_OscConfig
 .text.HAL_RCC_GetSysClockFreq
                0x08002854       0x5c ./Drivers/STM32F7xx_HAL_Driver/Src/stm32f7xx_hal_rcc.o
                0x08002854                HAL_RCC_GetSysClockFreq
 .text.HAL_RCC_ClockConfig
                0x080028b0      0x13c ./Drivers/STM32F7xx_HAL_Driver/Src/stm32f7xx_hal_rcc.o
                0x080028b0                HAL_RCC_ClockConfig
 .text.HAL_RCC_GetPCLK1Freq
                0x080029ec       0x20 ./Drivers/STM32F7xx_HAL_Driver/Src/stm32f7xx_hal_rcc.o
                0x080029ec                HAL_RCC_GetPCLK1Freq
 .text.HAL_RCC_GetClockConfig
                0x08002a0c       0x3c ./Drivers/STM32F7xx_HAL_Driver/Src/stm32f7xx_hal_rcc.o
                0x08002a0c                HAL_RCC_GetClockConfig
 .text.HAL_RCCEx_PeriphCLKConfig
                0x08002a48      0x514 ./Drivers/STM32F7xx_HAL_Driver/Src/stm32f7xx_hal_rcc_ex.o
                0x08002a48                HAL_RCCEx_PeriphCLKConfig
 .text.HAL_RCCEx_GetPeriphCLKFreq
                0x08002f5c       0xd0 ./Drivers/STM32F7xx_HAL_Driver/Src/stm32f7xx_hal_rcc_ex.o
                0x08002f5c                HAL_RCCEx_GetPeriphCLKFreq
 .text.HAL_RTC_WaitForSynchro
                0x0800302c       0x30 ./Drivers/STM32F7xx_HAL_Driver/Src/stm32f7xx_hal_rtc.o
                0x0800302c                HAL_RTC_WaitForSynchro
 .text.RTC_EnterInitMode
                0x0800305c       0x42 ./Drivers/STM32F7xx_HAL_Driver/Src/stm32f7xx_hal_rtc.o
                0x0800305c                RTC_EnterInitMode
 .text.RTC_ExitInitMode
                0x0800309e       0x28 ./Drivers/STM32F7xx_HAL_Driver/Src/stm32f7xx_hal_rtc.o
                0x0800309e                RTC_ExitInitMode
 .text.HAL_RTC_Init
                0x080030c6       0x90 ./Drivers/STM32F7xx_HAL_Driver/Src/stm32f7xx_hal_rtc.o
                0x080030c6                HAL_RTC_Init
 .text.RTC_ByteToBcd2
                0x08003156       0x16 ./Drivers/STM32F7xx_HAL_Driver/Src/stm32f7xx_hal_rtc.o
                0x08003156                RTC_ByteToBcd2
 .text.HAL_RTC_SetTime
                0x0800316c       0xb2 ./Drivers/STM32F7xx_HAL_Driver/Src/stm32f7xx_hal_rtc.o
                0x0800316c                HAL_RTC_SetTime
 .text.HAL_RTC_SetDate
                0x0800321e       0x8c ./Drivers/STM32F7xx_HAL_Driver/Src/stm32f7xx_hal_rtc.o
                0x0800321e                HAL_RTC_SetDate
 .text.HAL_RTC_SetAlarm
                0x080032aa      0x14c ./Drivers/STM32F7xx_HAL_Driver/Src/stm32f7xx_hal_rtc.o
                0x080032aa                HAL_RTC_SetAlarm
 .text.HAL_RTCEx_SetTimeStamp
                0x080033f6       0x5e ./Drivers/STM32F7xx_HAL_Driver/Src/stm32f7xx_hal_rtc_ex.o
                0x080033f6                HAL_RTCEx_SetTimeStamp
 .text.SAI_InterruptFlag
                0x08003454       0x2c ./Drivers/STM32F7xx_HAL_Driver/Src/stm32f7xx_hal_sai.o
 .text.SAI_Disable.isra.0
                0x08003480       0x38 ./Drivers/STM32F7xx_HAL_Driver/Src/stm32f7xx_hal_sai.o
 .text.HAL_SAI_Init
                0x080034b8      0x1b8 ./Drivers/STM32F7xx_HAL_Driver/Src/stm32f7xx_hal_sai.o
                0x080034b8                HAL_SAI_Init
 .text.HAL_SAI_InitProtocol
                0x08003670      0x128 ./Drivers/STM32F7xx_HAL_Driver/Src/stm32f7xx_hal_sai.o
                0x08003670                HAL_SAI_InitProtocol
 .text.HAL_SAI_Transmit_DMA
                0x08003798       0xd8 ./Drivers/STM32F7xx_HAL_Driver/Src/stm32f7xx_hal_sai.o
                0x08003798                HAL_SAI_Transmit_DMA
 .text.HAL_SAI_Receive_DMA
                0x08003870       0x9c ./Drivers/STM32F7xx_HAL_Driver/Src/stm32f7xx_hal_sai.o
                0x08003870                HAL_SAI_Receive_DMA
 .text.SAI_DMATxCplt
                0x0800390c       0x38 ./Drivers/STM32F7xx_HAL_Driver/Src/stm32f7xx_hal_sai.o
 .text.SAI_DMATxHalfCplt
                0x08003944        0xa ./Drivers/STM32F7xx_HAL_Driver/Src/stm32f7xx_hal_sai.o
 .text.SAI_DMARxCplt
                0x0800394e       0x38 ./Drivers/STM32F7xx_HAL_Driver/Src/stm32f7xx_hal_sai.o
 .text.SAI_DMARxHalfCplt
                0x08003986        0xa ./Drivers/STM32F7xx_HAL_Driver/Src/stm32f7xx_hal_sai.o
 .text.HAL_SAI_ErrorCallback
                0x08003990        0x2 ./Drivers/STM32F7xx_HAL_Driver/Src/stm32f7xx_hal_sai.o
                0x08003990                HAL_SAI_ErrorCallback
 .text.SAI_DMAError
                0x08003992       0x40 ./Drivers/STM32F7xx_HAL_Driver/Src/stm32f7xx_hal_sai.o
 .text.HAL_TIM_Base_MspInit
                0x080039d2        0x2 ./Drivers/STM32F7xx_HAL_Driver/Src/stm32f7xx_hal_tim.o
                0x080039d2                HAL_TIM_Base_MspInit
 .text.HAL_TIM_Base_Start_IT
                0x080039d4       0x7c ./Drivers/STM32F7xx_HAL_Driver/Src/stm32f7xx_hal_tim.o
                0x080039d4                HAL_TIM_Base_Start_IT
 .text.HAL_TIM_OC_DelayElapsedCallback
                0x08003a50        0x2 ./Drivers/STM32F7xx_HAL_Driver/Src/stm32f7xx_hal_tim.o
                0x08003a50                HAL_TIM_OC_DelayElapsedCallback
 .text.HAL_TIM_IC_CaptureCallback
                0x08003a52        0x2 ./Drivers/STM32F7xx_HAL_Driver/Src/stm32f7xx_hal_tim.o
                0x08003a52                HAL_TIM_IC_CaptureCallback
 .text.HAL_TIM_PWM_PulseFinishedCallback
                0x08003a54        0x2 ./Drivers/STM32F7xx_HAL_Driver/Src/stm32f7xx_hal_tim.o
                0x08003a54                HAL_TIM_PWM_PulseFinishedCallback
 .text.HAL_TIM_TriggerCallback
                0x08003a56        0x2 ./Drivers/STM32F7xx_HAL_Driver/Src/stm32f7xx_hal_tim.o
                0x08003a56                HAL_TIM_TriggerCallback
 .text.HAL_TIM_IRQHandler
                0x08003a58      0x140 ./Drivers/STM32F7xx_HAL_Driver/Src/stm32f7xx_hal_tim.o
                0x08003a58                HAL_TIM_IRQHandler
 .text.TIM_Base_SetConfig
                0x08003b98       0xd8 ./Drivers/STM32F7xx_HAL_Driver/Src/stm32f7xx_hal_tim.o
                0x08003b98                TIM_Base_SetConfig
 .text.HAL_TIM_Base_Init
                0x08003c70       0x60 ./Drivers/STM32F7xx_HAL_Driver/Src/stm32f7xx_hal_tim.o
                0x08003c70                HAL_TIM_Base_Init
 .text.HAL_TIMEx_CommutCallback
                0x08003cd0        0x2 ./Drivers/STM32F7xx_HAL_Driver/Src/stm32f7xx_hal_tim_ex.o
                0x08003cd0                HAL_TIMEx_CommutCallback
 .text.HAL_TIMEx_BreakCallback
                0x08003cd2        0x2 ./Drivers/STM32F7xx_HAL_Driver/Src/stm32f7xx_hal_tim_ex.o
                0x08003cd2                HAL_TIMEx_BreakCallback
 .text.HAL_TIMEx_Break2Callback
                0x08003cd4        0x2 ./Drivers/STM32F7xx_HAL_Driver/Src/stm32f7xx_hal_tim_ex.o
                0x08003cd4                HAL_TIMEx_Break2Callback
 .text.USB_CoreReset
                0x08003cd6       0x46 ./Drivers/STM32F7xx_HAL_Driver/Src/stm32f7xx_ll_usb.o
 .text.USB_CoreInit
                0x08003d1c       0x7c ./Drivers/STM32F7xx_HAL_Driver/Src/stm32f7xx_ll_usb.o
                0x08003d1c                USB_CoreInit
 .text.USB_EnableGlobalInt
                0x08003d98        0xc ./Drivers/STM32F7xx_HAL_Driver/Src/stm32f7xx_ll_usb.o
                0x08003d98                USB_EnableGlobalInt
 .text.USB_DisableGlobalInt
                0x08003da4        0xc ./Drivers/STM32F7xx_HAL_Driver/Src/stm32f7xx_ll_usb.o
                0x08003da4                USB_DisableGlobalInt
 .text.USB_SetCurrentMode
                0x08003db0       0x5c ./Drivers/STM32F7xx_HAL_Driver/Src/stm32f7xx_ll_usb.o
                0x08003db0                USB_SetCurrentMode
 .text.USB_FlushTxFifo
                0x08003e0c       0x46 ./Drivers/STM32F7xx_HAL_Driver/Src/stm32f7xx_ll_usb.o
                0x08003e0c                USB_FlushTxFifo
 .text.USB_FlushRxFifo
                0x08003e52       0x42 ./Drivers/STM32F7xx_HAL_Driver/Src/stm32f7xx_ll_usb.o
                0x08003e52                USB_FlushRxFifo
 .text.USB_WritePacket
                0x08003e94       0x26 ./Drivers/STM32F7xx_HAL_Driver/Src/stm32f7xx_ll_usb.o
                0x08003e94                USB_WritePacket
 .text.USB_ReadPacket
                0x08003eba       0x40 ./Drivers/STM32F7xx_HAL_Driver/Src/stm32f7xx_ll_usb.o
                0x08003eba                USB_ReadPacket
 .text.USB_ReadInterrupts
                0x08003efa        0x8 ./Drivers/STM32F7xx_HAL_Driver/Src/stm32f7xx_ll_usb.o
                0x08003efa                USB_ReadInterrupts
 .text.USB_ReadChInterrupts
                0x08003f02       0x12 ./Drivers/STM32F7xx_HAL_Driver/Src/stm32f7xx_ll_usb.o
                0x08003f02                USB_ReadChInterrupts
 .text.USB_GetMode
                0x08003f14        0x8 ./Drivers/STM32F7xx_HAL_Driver/Src/stm32f7xx_ll_usb.o
                0x08003f14                USB_GetMode
 .text.USB_HostInit
                0x08003f1c       0xd0 ./Drivers/STM32F7xx_HAL_Driver/Src/stm32f7xx_ll_usb.o
                0x08003f1c                USB_HostInit
 .text.USB_InitFSLSPClkSel
                0x08003fec       0x3e ./Drivers/STM32F7xx_HAL_Driver/Src/stm32f7xx_ll_usb.o
                0x08003fec                USB_InitFSLSPClkSel
 .text.USB_ResetPort
                0x0800402a       0x3c ./Drivers/STM32F7xx_HAL_Driver/Src/stm32f7xx_ll_usb.o
                0x0800402a                USB_ResetPort
 .text.USB_DriveVbus
                0x08004066       0x40 ./Drivers/STM32F7xx_HAL_Driver/Src/stm32f7xx_ll_usb.o
                0x08004066                USB_DriveVbus
 .text.USB_GetHostSpeed
                0x080040a6       0x16 ./Drivers/STM32F7xx_HAL_Driver/Src/stm32f7xx_ll_usb.o
                0x080040a6                USB_GetHostSpeed
 .text.USB_GetCurrentFrame
                0x080040bc        0xa ./Drivers/STM32F7xx_HAL_Driver/Src/stm32f7xx_ll_usb.o
                0x080040bc                USB_GetCurrentFrame
 *fill*         0x080040c6        0x2 
 .text.USB_HC_Init
                0x080040c8      0x110 ./Drivers/STM32F7xx_HAL_Driver/Src/stm32f7xx_ll_usb.o
                0x080040c8                USB_HC_Init
 .text.USB_HC_ReadInterrupt
                0x080041d8        0xa ./Drivers/STM32F7xx_HAL_Driver/Src/stm32f7xx_ll_usb.o
                0x080041d8                USB_HC_ReadInterrupt
 .text.USB_HC_Halt
                0x080041e2       0xd0 ./Drivers/STM32F7xx_HAL_Driver/Src/stm32f7xx_ll_usb.o
                0x080041e2                USB_HC_Halt
 *fill*         0x080042b2        0x2 
 .text.USB_DoPing
                0x080042b4       0x24 ./Drivers/STM32F7xx_HAL_Driver/Src/stm32f7xx_ll_usb.o
                0x080042b4                USB_DoPing
 .text.USB_HC_StartXfer
                0x080042d8      0x268 ./Drivers/STM32F7xx_HAL_Driver/Src/stm32f7xx_ll_usb.o
                0x080042d8                USB_HC_StartXfer
 .text.USB_StopHost
                0x08004540       0x80 ./Drivers/STM32F7xx_HAL_Driver/Src/stm32f7xx_ll_usb.o
                0x08004540                USB_StopHost
 .text.WM8994_SetMute
                0x080045c0       0x44 ./Drivers/WM8994/Src/wm8994.o
                0x080045c0                WM8994_SetMute
 .text.WM8994_Play
                0x08004604        0x6 ./Drivers/WM8994/Src/wm8994.o
                0x08004604                WM8994_Play
 .text.WM8994_Resume
                0x0800460a        0x4 ./Drivers/WM8994/Src/wm8994.o
                0x0800460a                WM8994_Resume
 .text.WM8994_Pause
                0x0800460e       0x32 ./Drivers/WM8994/Src/wm8994.o
                0x0800460e                WM8994_Pause
 .text.WM8994_Stop
                0x08004640       0x92 ./Drivers/WM8994/Src/wm8994.o
                0x08004640                WM8994_Stop
 .text.WM8994_DeInit
                0x080046d2        0x6 ./Drivers/WM8994/Src/wm8994.o
                0x080046d2                WM8994_DeInit
 .text.WM8994_SetVolume
                0x080046d8       0xd2 ./Drivers/WM8994/Src/wm8994.o
                0x080046d8                WM8994_SetVolume
 *fill*         0x080047aa        0x2 
 .text.WM8994_SetFrequency
                0x080047ac       0x74 ./Drivers/WM8994/Src/wm8994.o
                0x080047ac                WM8994_SetFrequency
 .text.WM8994_ReadID
                0x08004820       0x20 ./Drivers/WM8994/Src/wm8994.o
                0x08004820                WM8994_ReadID
 .text.WM8994_GetVolume
                0x08004840       0x48 ./Drivers/WM8994/Src/wm8994.o
                0x08004840                WM8994_GetVolume
 .text.WM8994_SetResolution
                0x08004888       0x14 ./Drivers/WM8994/Src/wm8994.o
                0x08004888                WM8994_SetResolution
 .text.WM8994_GetResolution
                0x0800489c       0x34 ./Drivers/WM8994/Src/wm8994.o
                0x0800489c                WM8994_GetResolution
 .text.WM8994_SetProtocol
                0x080048d0       0x14 ./Drivers/WM8994/Src/wm8994.o
                0x080048d0                WM8994_SetProtocol
 .text.WM8994_GetProtocol
                0x080048e4       0x20 ./Drivers/WM8994/Src/wm8994.o
                0x080048e4                WM8994_GetProtocol
 .text.WM8994_GetFrequency
                0x08004904       0x6c ./Drivers/WM8994/Src/wm8994.o
                0x08004904                WM8994_GetFrequency
 .text.WM8994_Reset
                0x08004970       0x14 ./Drivers/WM8994/Src/wm8994.o
                0x08004970                WM8994_Reset
 .text.WM8994_Delay.isra.0
                0x08004984       0x18 ./Drivers/WM8994/Src/wm8994.o
 .text.WM8994_Init
                0x0800499c      0x82c ./Drivers/WM8994/Src/wm8994.o
                0x0800499c                WM8994_Init
 .text.WM8994_SetOutputMode
                0x080051c8      0x2fe ./Drivers/WM8994/Src/wm8994.o
                0x080051c8                WM8994_SetOutputMode
 .text.wm8994_read_reg
                0x080054c6       0x16 ./Drivers/WM8994/Src/wm8994_reg.o
                0x080054c6                wm8994_read_reg
 .text.wm8994_write_reg
                0x080054dc       0x18 ./Drivers/WM8994/Src/wm8994_reg.o
                0x080054dc                wm8994_write_reg
 .text.wm8994_sw_reset_w
                0x080054f4       0x18 ./Drivers/WM8994/Src/wm8994_reg.o
                0x080054f4                wm8994_sw_reset_w
 .text.wm8994_sw_reset_r
                0x0800550c        0xa ./Drivers/WM8994/Src/wm8994_reg.o
                0x0800550c                wm8994_sw_reset_r
 .text.wm8994_lo_hpout1l_vol_r
                0x08005516       0x1a ./Drivers/WM8994/Src/wm8994_reg.o
                0x08005516                wm8994_lo_hpout1l_vol_r
 .text.wm8994_aif1_sr_r
                0x08005530       0x1c ./Drivers/WM8994/Src/wm8994_reg.o
                0x08005530                wm8994_aif1_sr_r
 .text.wm8994_aif1_control1_fmt
                0x0800554c       0x40 ./Drivers/WM8994/Src/wm8994_reg.o
                0x0800554c                wm8994_aif1_control1_fmt
 .text.wm8994_aif1_control1_fmt_r
                0x0800558c       0x1c ./Drivers/WM8994/Src/wm8994_reg.o
                0x0800558c                wm8994_aif1_control1_fmt_r
 .text.wm8994_aif1_control1_wl
                0x080055a8       0x40 ./Drivers/WM8994/Src/wm8994_reg.o
                0x080055a8                wm8994_aif1_control1_wl
 .text.wm8994_aif1_control1_wl_r
                0x080055e8       0x1c ./Drivers/WM8994/Src/wm8994_reg.o
                0x080055e8                wm8994_aif1_control1_wl_r
 .text.wm8994_aif1_control1_adcr_src
                0x08005604       0x40 ./Drivers/WM8994/Src/wm8994_reg.o
                0x08005604                wm8994_aif1_control1_adcr_src
 .text.wm8994_aif1_adc1_left_vol_adc1l_r
                0x08005644       0x18 ./Drivers/WM8994/Src/wm8994_reg.o
                0x08005644                wm8994_aif1_adc1_left_vol_adc1l_r
 .text.USBH_CDC_SOFProcess
                0x0800565c        0x4 ./Middlewares/ST/STM32_USB_Host_Library/Class/CDC/Src/usbh_cdc.o
 .text.USBH_CDC_InterfaceDeInit
                0x08005660       0x62 ./Middlewares/ST/STM32_USB_Host_Library/Class/CDC/Src/usbh_cdc.o
 .text.USBH_CDC_InterfaceInit
                0x080056c2      0x14a ./Middlewares/ST/STM32_USB_Host_Library/Class/CDC/Src/usbh_cdc.o
 .text.USBH_CDC_ClassRequest
                0x0800580c       0x30 ./Middlewares/ST/STM32_USB_Host_Library/Class/CDC/Src/usbh_cdc.o
 .text.USBH_CDC_TransmitCallback
                0x0800583c        0x2 ./Middlewares/ST/STM32_USB_Host_Library/Class/CDC/Src/usbh_cdc.o
                0x0800583c                USBH_CDC_TransmitCallback
 .text.USBH_CDC_ReceiveCallback
                0x0800583e        0x2 ./Middlewares/ST/STM32_USB_Host_Library/Class/CDC/Src/usbh_cdc.o
                0x0800583e                USBH_CDC_ReceiveCallback
 .text.USBH_CDC_LineCodingChanged
                0x08005840        0x2 ./Middlewares/ST/STM32_USB_Host_Library/Class/CDC/Src/usbh_cdc.o
                0x08005840                USBH_CDC_LineCodingChanged
 .text.USBH_CDC_Process
                0x08005842      0x162 ./Middlewares/ST/STM32_USB_Host_Library/Class/CDC/Src/usbh_cdc.o
 .text.DeInitStateMachine.isra.0
                0x080059a4       0x60 ./Middlewares/ST/STM32_USB_Host_Library/Core/Src/usbh_core.o
 .text.USBH_Init
                0x08005a04       0x3a ./Middlewares/ST/STM32_USB_Host_Library/Core/Src/usbh_core.o
                0x08005a04                USBH_Init
 .text.USBH_RegisterClass
                0x08005a3e       0x1a ./Middlewares/ST/STM32_USB_Host_Library/Core/Src/usbh_core.o
                0x08005a3e                USBH_RegisterClass
 .text.USBH_SelectInterface
                0x08005a58       0x12 ./Middlewares/ST/STM32_USB_Host_Library/Core/Src/usbh_core.o
                0x08005a58                USBH_SelectInterface
 .text.USBH_FindInterface
                0x08005a6a       0x38 ./Middlewares/ST/STM32_USB_Host_Library/Core/Src/usbh_core.o
                0x08005a6a                USBH_FindInterface
 .text.USBH_Start
                0x08005aa2       0x14 ./Middlewares/ST/STM32_USB_Host_Library/Core/Src/usbh_core.o
                0x08005aa2                USBH_Start
 .text.USBH_Process
                0x08005ab6      0x3c8 ./Middlewares/ST/STM32_USB_Host_Library/Core/Src/usbh_core.o
                0x08005ab6                USBH_Process
 .text.USBH_LL_SetTimer
                0x08005e7e        0x6 ./Middlewares/ST/STM32_USB_Host_Library/Core/Src/usbh_core.o
                0x08005e7e                USBH_LL_SetTimer
 .text.USBH_LL_IncTimer
                0x08005e84       0x1c ./Middlewares/ST/STM32_USB_Host_Library/Core/Src/usbh_core.o
                0x08005e84                USBH_LL_IncTimer
 .text.USBH_LL_PortEnabled
                0x08005ea0        0x8 ./Middlewares/ST/STM32_USB_Host_Library/Core/Src/usbh_core.o
                0x08005ea0                USBH_LL_PortEnabled
 .text.USBH_LL_PortDisabled
                0x08005ea8        0x8 ./Middlewares/ST/STM32_USB_Host_Library/Core/Src/usbh_core.o
                0x08005ea8                USBH_LL_PortDisabled
 .text.USBH_LL_Connect
                0x08005eb0       0x14 ./Middlewares/ST/STM32_USB_Host_Library/Core/Src/usbh_core.o
                0x08005eb0                USBH_LL_Connect
 .text.USBH_LL_Disconnect
                0x08005ec4       0x2c ./Middlewares/ST/STM32_USB_Host_Library/Core/Src/usbh_core.o
                0x08005ec4                USBH_LL_Disconnect
 .text.USBH_CtlReq
                0x08005ef0      0x170 ./Middlewares/ST/STM32_USB_Host_Library/Core/Src/usbh_ctlreq.o
                0x08005ef0                USBH_CtlReq
 .text.USBH_GetDescriptor
                0x08006060       0x38 ./Middlewares/ST/STM32_USB_Host_Library/Core/Src/usbh_ctlreq.o
                0x08006060                USBH_GetDescriptor
 .text.USBH_Get_DevDesc
                0x08006098       0xd8 ./Middlewares/ST/STM32_USB_Host_Library/Core/Src/usbh_ctlreq.o
                0x08006098                USBH_Get_DevDesc
 .text.USBH_Get_CfgDesc
                0x08006170      0x214 ./Middlewares/ST/STM32_USB_Host_Library/Core/Src/usbh_ctlreq.o
                0x08006170                USBH_Get_CfgDesc
 .text.USBH_Get_StringDesc
                0x08006384       0x5a ./Middlewares/ST/STM32_USB_Host_Library/Core/Src/usbh_ctlreq.o
                0x08006384                USBH_Get_StringDesc
 .text.USBH_SetAddress
                0x080063de       0x1a ./Middlewares/ST/STM32_USB_Host_Library/Core/Src/usbh_ctlreq.o
                0x080063de                USBH_SetAddress
 .text.USBH_SetCfg
                0x080063f8       0x1a ./Middlewares/ST/STM32_USB_Host_Library/Core/Src/usbh_ctlreq.o
                0x080063f8                USBH_SetCfg
 .text.USBH_SetFeature
                0x08006412       0x1a ./Middlewares/ST/STM32_USB_Host_Library/Core/Src/usbh_ctlreq.o
                0x08006412                USBH_SetFeature
 .text.USBH_ClrFeature
                0x0800642c       0x1a ./Middlewares/ST/STM32_USB_Host_Library/Core/Src/usbh_ctlreq.o
                0x0800642c                USBH_ClrFeature
 .text.USBH_CtlSendSetup
                0x08006446       0x20 ./Middlewares/ST/STM32_USB_Host_Library/Core/Src/usbh_ioreq.o
                0x08006446                USBH_CtlSendSetup
 .text.USBH_CtlSendData
                0x08006466       0x2e ./Middlewares/ST/STM32_USB_Host_Library/Core/Src/usbh_ioreq.o
                0x08006466                USBH_CtlSendData
 .text.USBH_CtlReceiveData
                0x08006494       0x20 ./Middlewares/ST/STM32_USB_Host_Library/Core/Src/usbh_ioreq.o
                0x08006494                USBH_CtlReceiveData
 .text.USBH_BulkSendData
                0x080064b4       0x2e ./Middlewares/ST/STM32_USB_Host_Library/Core/Src/usbh_ioreq.o
                0x080064b4                USBH_BulkSendData
 .text.USBH_BulkReceiveData
                0x080064e2       0x20 ./Middlewares/ST/STM32_USB_Host_Library/Core/Src/usbh_ioreq.o
                0x080064e2                USBH_BulkReceiveData
 .text.USBH_OpenPipe
                0x08006502       0x1e ./Middlewares/ST/STM32_USB_Host_Library/Core/Src/usbh_pipes.o
                0x08006502                USBH_OpenPipe
 .text.USBH_ClosePipe
                0x08006520        0xa ./Middlewares/ST/STM32_USB_Host_Library/Core/Src/usbh_pipes.o
                0x08006520                USBH_ClosePipe
 .text.USBH_AllocPipe
                0x0800652a       0x2e ./Middlewares/ST/STM32_USB_Host_Library/Core/Src/usbh_pipes.o
                0x0800652a                USBH_AllocPipe
 .text.USBH_FreePipe
                0x08006558       0x18 ./Middlewares/ST/STM32_USB_Host_Library/Core/Src/usbh_pipes.o
                0x08006558                USBH_FreePipe
 .text.USBH_UserProcess
                0x08006570       0x24 ./USB_HOST/App/usb_host.o
 .text.MX_USB_HOST_Init
                0x08006594       0x40 ./USB_HOST/App/usb_host.o
                0x08006594                MX_USB_HOST_Init
 .text.MX_USB_HOST_Process
                0x080065d4        0xc ./USB_HOST/App/usb_host.o
                0x080065d4                MX_USB_HOST_Process
 .text.HAL_HCD_MspInit
                0x080065e0       0x88 ./USB_HOST/Target/usbh_conf.o
                0x080065e0                HAL_HCD_MspInit
 .text.HAL_HCD_SOF_Callback
                0x08006668        0x8 ./USB_HOST/Target/usbh_conf.o
                0x08006668                HAL_HCD_SOF_Callback
 .text.HAL_HCD_Connect_Callback
                0x08006670        0x8 ./USB_HOST/Target/usbh_conf.o
                0x08006670                HAL_HCD_Connect_Callback
 .text.HAL_HCD_Disconnect_Callback
                0x08006678        0x8 ./USB_HOST/Target/usbh_conf.o
                0x08006678                HAL_HCD_Disconnect_Callback
 .text.HAL_HCD_HC_NotifyURBChange_Callback
                0x08006680        0x2 ./USB_HOST/Target/usbh_conf.o
                0x08006680                HAL_HCD_HC_NotifyURBChange_Callback
 .text.HAL_HCD_PortEnabled_Callback
                0x08006682        0x8 ./USB_HOST/Target/usbh_conf.o
                0x08006682                HAL_HCD_PortEnabled_Callback
 .text.HAL_HCD_PortDisabled_Callback
                0x0800668a        0x8 ./USB_HOST/Target/usbh_conf.o
                0x0800668a                HAL_HCD_PortDisabled_Callback
 *fill*         0x08006692        0x2 
 .text.USBH_LL_Init
                0x08006694       0x50 ./USB_HOST/Target/usbh_conf.o
                0x08006694                USBH_LL_Init
 .text.USBH_LL_GetSpeed
                0x080066e4       0x16 ./USB_HOST/Target/usbh_conf.o
                0x080066e4                USBH_LL_GetSpeed
 .text.USBH_LL_GetLastXferSize
                0x080066fa        0x8 ./USB_HOST/Target/usbh_conf.o
                0x080066fa                USBH_LL_GetLastXferSize
 .text.USBH_LL_GetURBState
                0x08006702        0x8 ./USB_HOST/Target/usbh_conf.o
                0x08006702                USBH_LL_GetURBState
 .text.USBH_LL_DriverVBUS
                0x0800670a       0x1a ./USB_HOST/Target/usbh_conf.o
                0x0800670a                USBH_LL_DriverVBUS
 .text.USBH_LL_SetToggle
                0x08006724       0x1c ./USB_HOST/Target/usbh_conf.o
                0x08006724                USBH_LL_SetToggle
 .text.USBH_Delay
                0x08006740        0x4 ./USB_HOST/Target/usbh_conf.o
                0x08006740                USBH_Delay
 .text.USBH_Get_USB_Status
                0x08006744        0xc ./USB_HOST/Target/usbh_conf.o
                0x08006744                USBH_Get_USB_Status
 .text.USBH_LL_Start
                0x08006750       0x12 ./USB_HOST/Target/usbh_conf.o
                0x08006750                USBH_LL_Start
 .text.USBH_LL_Stop
                0x08006762       0x12 ./USB_HOST/Target/usbh_conf.o
                0x08006762                USBH_LL_Stop
 .text.USBH_LL_ResetPort
                0x08006774       0x12 ./USB_HOST/Target/usbh_conf.o
                0x08006774                USBH_LL_ResetPort
 .text.USBH_LL_OpenPipe
                0x08006786       0x26 ./USB_HOST/Target/usbh_conf.o
                0x08006786                USBH_LL_OpenPipe
 .text.USBH_LL_ClosePipe
                0x080067ac       0x12 ./USB_HOST/Target/usbh_conf.o
                0x080067ac                USBH_LL_ClosePipe
 .text.USBH_LL_SubmitURB
                0x080067be       0x2a ./USB_HOST/Target/usbh_conf.o
                0x080067be                USBH_LL_SubmitURB
 .text.MX_DriverVbusFS
                0x080067e8       0x14 ./USB_HOST/Target/usbh_platform.o
                0x080067e8                MX_DriverVbusFS
 .text.malloc   0x080067fc       0x10 /Applications/STM32CubeIDE.app/Contents/Eclipse/plugins/com.st.stm32cube.ide.mcu.externaltools.gnu-tools-for-stm32.12.3.rel1.macos64_1.0.100.202403111906/tools/bin/../lib/gcc/arm-none-eabi/12.3.1/../../../../arm-none-eabi/lib/thumb/v7e-m+fp/hard/libc_nano.a(libc_a-malloc.o)
                0x080067fc                malloc
 .text.free     0x0800680c       0x10 /Applications/STM32CubeIDE.app/Contents/Eclipse/plugins/com.st.stm32cube.ide.mcu.externaltools.gnu-tools-for-stm32.12.3.rel1.macos64_1.0.100.202403111906/tools/bin/../lib/gcc/arm-none-eabi/12.3.1/../../../../arm-none-eabi/lib/thumb/v7e-m+fp/hard/libc_nano.a(libc_a-malloc.o)
                0x0800680c                free
 .text.sbrk_aligned
                0x0800681c       0x44 /Applications/STM32CubeIDE.app/Contents/Eclipse/plugins/com.st.stm32cube.ide.mcu.externaltools.gnu-tools-for-stm32.12.3.rel1.macos64_1.0.100.202403111906/tools/bin/../lib/gcc/arm-none-eabi/12.3.1/../../../../arm-none-eabi/lib/thumb/v7e-m+fp/hard/libc_nano.a(libc_a-mallocr.o)
 .text._malloc_r
                0x08006860      0x100 /Applications/STM32CubeIDE.app/Contents/Eclipse/plugins/com.st.stm32cube.ide.mcu.externaltools.gnu-tools-for-stm32.12.3.rel1.macos64_1.0.100.202403111906/tools/bin/../lib/gcc/arm-none-eabi/12.3.1/../../../../arm-none-eabi/lib/thumb/v7e-m+fp/hard/libc_nano.a(libc_a-mallocr.o)
                0x08006860                _malloc_r
 .text.__malloc_lock
                0x08006960        0xc /Applications/STM32CubeIDE.app/Contents/Eclipse/plugins/com.st.stm32cube.ide.mcu.externaltools.gnu-tools-for-stm32.12.3.rel1.macos64_1.0.100.202403111906/tools/bin/../lib/gcc/arm-none-eabi/12.3.1/../../../../arm-none-eabi/lib/thumb/v7e-m+fp/hard/libc_nano.a(libc_a-mlock.o)
                0x08006960                __malloc_lock
 .text.__malloc_unlock
                0x0800696c        0xc /Applications/STM32CubeIDE.app/Contents/Eclipse/plugins/com.st.stm32cube.ide.mcu.externaltools.gnu-tools-for-stm32.12.3.rel1.macos64_1.0.100.202403111906/tools/bin/../lib/gcc/arm-none-eabi/12.3.1/../../../../arm-none-eabi/lib/thumb/v7e-m+fp/hard/libc_nano.a(libc_a-mlock.o)
                0x0800696c                __malloc_unlock
 .text.memset   0x08006978       0x10 /Applications/STM32CubeIDE.app/Contents/Eclipse/plugins/com.st.stm32cube.ide.mcu.externaltools.gnu-tools-for-stm32.12.3.rel1.macos64_1.0.100.202403111906/tools/bin/../lib/gcc/arm-none-eabi/12.3.1/../../../../arm-none-eabi/lib/thumb/v7e-m+fp/hard/libc_nano.a(libc_a-memset.o)
                0x08006978                memset
 .text._sbrk_r  0x08006988       0x20 /Applications/STM32CubeIDE.app/Contents/Eclipse/plugins/com.st.stm32cube.ide.mcu.externaltools.gnu-tools-for-stm32.12.3.rel1.macos64_1.0.100.202403111906/tools/bin/../lib/gcc/arm-none-eabi/12.3.1/../../../../arm-none-eabi/lib/thumb/v7e-m+fp/hard/libc_nano.a(libc_a-sbrkr.o)
                0x08006988                _sbrk_r
 .text.__errno  0x080069a8        0xc /Applications/STM32CubeIDE.app/Contents/Eclipse/plugins/com.st.stm32cube.ide.mcu.externaltools.gnu-tools-for-stm32.12.3.rel1.macos64_1.0.100.202403111906/tools/bin/../lib/gcc/arm-none-eabi/12.3.1/../../../../arm-none-eabi/lib/thumb/v7e-m+fp/hard/libc_nano.a(libc_a-errno.o)
                0x080069a8                __errno
 .text.__libc_init_array
                0x080069b4       0x48 /Applications/STM32CubeIDE.app/Contents/Eclipse/plugins/com.st.stm32cube.ide.mcu.externaltools.gnu-tools-for-stm32.12.3.rel1.macos64_1.0.100.202403111906/tools/bin/../lib/gcc/arm-none-eabi/12.3.1/../../../../arm-none-eabi/lib/thumb/v7e-m+fp/hard/libc_nano.a(libc_a-init.o)
                0x080069b4                __libc_init_array
 .text.__retarget_lock_acquire_recursive
                0x080069fc        0x2 /Applications/STM32CubeIDE.app/Contents/Eclipse/plugins/com.st.stm32cube.ide.mcu.externaltools.gnu-tools-for-stm32.12.3.rel1.macos64_1.0.100.202403111906/tools/bin/../lib/gcc/arm-none-eabi/12.3.1/../../../../arm-none-eabi/lib/thumb/v7e-m+fp/hard/libc_nano.a(libc_a-lock.o)
                0x080069fc                __retarget_lock_acquire_recursive
 .text.__retarget_lock_release_recursive
                0x080069fe        0x2 /Applications/STM32CubeIDE.app/Contents/Eclipse/plugins/com.st.stm32cube.ide.mcu.externaltools.gnu-tools-for-stm32.12.3.rel1.macos64_1.0.100.202403111906/tools/bin/../lib/gcc/arm-none-eabi/12.3.1/../../../../arm-none-eabi/lib/thumb/v7e-m+fp/hard/libc_nano.a(libc_a-lock.o)
                0x080069fe                __retarget_lock_release_recursive
 .text._free_r  0x08006a00       0x94 /Applications/STM32CubeIDE.app/Contents/Eclipse/plugins/com.st.stm32cube.ide.mcu.externaltools.gnu-tools-for-stm32.12.3.rel1.macos64_1.0.100.202403111906/tools/bin/../lib/gcc/arm-none-eabi/12.3.1/../../../../arm-none-eabi/lib/thumb/v7e-m+fp/hard/libc_nano.a(libc_a-freer.o)
                0x08006a00                _free_r
 *(.glue_7)
 .glue_7        0x08006a94        0x0 linker stubs
 *(.glue_7t)
 .glue_7t       0x08006a94        0x0 linker stubs
 *(.eh_frame)
 .eh_frame      0x08006a94        0x0 /Applications/STM32CubeIDE.app/Contents/Eclipse/plugins/com.st.stm32cube.ide.mcu.externaltools.gnu-tools-for-stm32.12.3.rel1.macos64_1.0.100.202403111906/tools/bin/../lib/gcc/arm-none-eabi/12.3.1/thumb/v7e-m+fp/hard/crtbegin.o
 *(.init)
 .init          0x08006a94        0x4 /Applications/STM32CubeIDE.app/Contents/Eclipse/plugins/com.st.stm32cube.ide.mcu.externaltools.gnu-tools-for-stm32.12.3.rel1.macos64_1.0.100.202403111906/tools/bin/../lib/gcc/arm-none-eabi/12.3.1/thumb/v7e-m+fp/hard/crti.o
                0x08006a94                _init
 .init          0x08006a98        0x8 /Applications/STM32CubeIDE.app/Contents/Eclipse/plugins/com.st.stm32cube.ide.mcu.externaltools.gnu-tools-for-stm32.12.3.rel1.macos64_1.0.100.202403111906/tools/bin/../lib/gcc/arm-none-eabi/12.3.1/thumb/v7e-m+fp/hard/crtn.o
 *(.fini)
 .fini          0x08006aa0        0x4 /Applications/STM32CubeIDE.app/Contents/Eclipse/plugins/com.st.stm32cube.ide.mcu.externaltools.gnu-tools-for-stm32.12.3.rel1.macos64_1.0.100.202403111906/tools/bin/../lib/gcc/arm-none-eabi/12.3.1/thumb/v7e-m+fp/hard/crti.o
                0x08006aa0                _fini
 .fini          0x08006aa4        0x8 /Applications/STM32CubeIDE.app/Contents/Eclipse/plugins/com.st.stm32cube.ide.mcu.externaltools.gnu-tools-for-stm32.12.3.rel1.macos64_1.0.100.202403111906/tools/bin/../lib/gcc/arm-none-eabi/12.3.1/thumb/v7e-m+fp/hard/crtn.o
                0x08006aac                        . = ALIGN (0x4)
                0x08006aac                        _etext = .

.vfp11_veneer   0x08006aac        0x0
 .vfp11_veneer  0x08006aac        0x0 linker stubs

.v4_bx          0x08006aac        0x0
 .v4_bx         0x08006aac        0x0 linker stubs

.iplt           0x08006aac        0x0
 .iplt          0x08006aac        0x0 /Applications/STM32CubeIDE.app/Contents/Eclipse/plugins/com.st.stm32cube.ide.mcu.externaltools.gnu-tools-for-stm32.12.3.rel1.macos64_1.0.100.202403111906/tools/bin/../lib/gcc/arm-none-eabi/12.3.1/thumb/v7e-m+fp/hard/crtbegin.o

.rodata         0x08006aac       0x24
                0x08006aac                        . = ALIGN (0x4)
 *(.rodata)
 *(.rodata*)
 .rodata.APBPrescTable
                0x08006aac        0x8 ./Core/Src/system_stm32f7xx.o
                0x08006aac                APBPrescTable
 .rodata.AHBPrescTable
                0x08006ab4       0x10 ./Core/Src/system_stm32f7xx.o
                0x08006ab4                AHBPrescTable
 .rodata.flagBitshiftOffset.0
                0x08006ac4        0x8 ./Drivers/STM32F7xx_HAL_Driver/Src/stm32f7xx_hal_dma.o
 .rodata.str1.1
                0x08006acc        0x4 ./Middlewares/ST/STM32_USB_Host_Library/Class/CDC/Src/usbh_cdc.o
                0x08006ad0                        . = ALIGN (0x4)

.ARM.extab      0x08006ad0        0x0
                0x08006ad0                        . = ALIGN (0x4)
 *(.ARM.extab* .gnu.linkonce.armextab.*)
                0x08006ad0                        . = ALIGN (0x4)

.ARM            0x08006ad0        0x8
                0x08006ad0                        . = ALIGN (0x4)
                0x08006ad0                        __exidx_start = .
 *(.ARM.exidx*)
 .ARM.exidx     0x08006ad0        0x8 /Applications/STM32CubeIDE.app/Contents/Eclipse/plugins/com.st.stm32cube.ide.mcu.externaltools.gnu-tools-for-stm32.12.3.rel1.macos64_1.0.100.202403111906/tools/bin/../lib/gcc/arm-none-eabi/12.3.1/thumb/v7e-m+fp/hard/libgcc.a(_udivmoddi4.o)
                0x08006ad8                        __exidx_end = .
                0x08006ad8                        . = ALIGN (0x4)

.preinit_array  0x08006ad8        0x0
                0x08006ad8                        . = ALIGN (0x4)
                0x08006ad8                        PROVIDE (__preinit_array_start = .)
 *(.preinit_array*)
                0x08006ad8                        PROVIDE (__preinit_array_end = .)
                0x08006ad8                        . = ALIGN (0x4)

.init_array     0x08006ad8        0x4
                0x08006ad8                        . = ALIGN (0x4)
                0x08006ad8                        PROVIDE (__init_array_start = .)
 *(SORT_BY_NAME(.init_array.*))
 *(.init_array*)
 .init_array    0x08006ad8        0x4 /Applications/STM32CubeIDE.app/Contents/Eclipse/plugins/com.st.stm32cube.ide.mcu.externaltools.gnu-tools-for-stm32.12.3.rel1.macos64_1.0.100.202403111906/tools/bin/../lib/gcc/arm-none-eabi/12.3.1/thumb/v7e-m+fp/hard/crtbegin.o
                0x08006adc                        PROVIDE (__init_array_end = .)
                0x08006adc                        . = ALIGN (0x4)

.fini_array     0x08006adc        0x4
                0x08006adc                        . = ALIGN (0x4)
                [!provide]                        PROVIDE (__fini_array_start = .)
 *(SORT_BY_NAME(.fini_array.*))
 *(.fini_array*)
 .fini_array    0x08006adc        0x4 /Applications/STM32CubeIDE.app/Contents/Eclipse/plugins/com.st.stm32cube.ide.mcu.externaltools.gnu-tools-for-stm32.12.3.rel1.macos64_1.0.100.202403111906/tools/bin/../lib/gcc/arm-none-eabi/12.3.1/thumb/v7e-m+fp/hard/crtbegin.o
                [!provide]                        PROVIDE (__fini_array_end = .)
                0x08006ae0                        . = ALIGN (0x4)
                0x08006ae0                        _sidata = LOADADDR (.data)

.rel.dyn        0x08006ae0        0x0
 .rel.iplt      0x08006ae0        0x0 /Applications/STM32CubeIDE.app/Contents/Eclipse/plugins/com.st.stm32cube.ide.mcu.externaltools.gnu-tools-for-stm32.12.3.rel1.macos64_1.0.100.202403111906/tools/bin/../lib/gcc/arm-none-eabi/12.3.1/thumb/v7e-m+fp/hard/crtbegin.o

.data           0x20000000       0xd0 load address 0x08006ae0
                0x20000000                        . = ALIGN (0x4)
                0x20000000                        _sdata = .
 *(.data)
 *(.data*)
 .data.wm8994_Init_ptr
                0x20000000        0x4 ./Core/Src/main.o
                0x20000000                wm8994_Init_ptr
 .data.wm8994_Obj_ptr
                0x20000004        0x4 ./Core/Src/main.o
                0x20000004                wm8994_Obj_ptr
 .data.SystemCoreClock
                0x20000008        0x4 ./Core/Src/system_stm32f7xx.o
                0x20000008                SystemCoreClock
 .data.uwTickFreq
                0x2000000c        0x1 ./Drivers/STM32F7xx_HAL_Driver/Src/stm32f7xx_hal.o
                0x2000000c                uwTickFreq
 *fill*         0x2000000d        0x3 
 .data.uwTickPrio
                0x20000010        0x4 ./Drivers/STM32F7xx_HAL_Driver/Src/stm32f7xx_hal.o
                0x20000010                uwTickPrio
 .data.ColdStartup.0
                0x20000014        0x1 ./Drivers/WM8994/Src/wm8994.o
 *fill*         0x20000015        0x3 
 .data.WM8994_Driver
                0x20000018       0x48 ./Drivers/WM8994/Src/wm8994.o
                0x20000018                WM8994_Driver
 .data.CDC_Class
                0x20000060       0x20 ./Middlewares/ST/STM32_USB_Host_Library/Class/CDC/Src/usbh_cdc.o
                0x20000060                CDC_Class
 .data._impure_ptr
                0x20000080        0x4 /Applications/STM32CubeIDE.app/Contents/Eclipse/plugins/com.st.stm32cube.ide.mcu.externaltools.gnu-tools-for-stm32.12.3.rel1.macos64_1.0.100.202403111906/tools/bin/../lib/gcc/arm-none-eabi/12.3.1/../../../../arm-none-eabi/lib/thumb/v7e-m+fp/hard/libc_nano.a(libc_a-impure.o)
                0x20000080                _impure_ptr
 .data._impure_data
                0x20000084       0x4c /Applications/STM32CubeIDE.app/Contents/Eclipse/plugins/com.st.stm32cube.ide.mcu.externaltools.gnu-tools-for-stm32.12.3.rel1.macos64_1.0.100.202403111906/tools/bin/../lib/gcc/arm-none-eabi/12.3.1/../../../../arm-none-eabi/lib/thumb/v7e-m+fp/hard/libc_nano.a(libc_a-impure.o)
                0x20000084                _impure_data
 *(.RamFunc)
 *(.RamFunc*)
                0x200000d0                        . = ALIGN (0x4)
                0x200000d0                        _edata = .

.igot.plt       0x200000d0        0x0 load address 0x08006bb0
 .igot.plt      0x200000d0        0x0 /Applications/STM32CubeIDE.app/Contents/Eclipse/plugins/com.st.stm32cube.ide.mcu.externaltools.gnu-tools-for-stm32.12.3.rel1.macos64_1.0.100.202403111906/tools/bin/../lib/gcc/arm-none-eabi/12.3.1/thumb/v7e-m+fp/hard/crtbegin.o
                0x200000d0                        . = ALIGN (0x4)

.bss            0x200000d0      0xff0 load address 0x08006bb0
                0x200000d0                        _sbss = .
                0x200000d0                        __bss_start__ = _sbss
 *(.bss)
 .bss           0x200000d0       0x1c /Applications/STM32CubeIDE.app/Contents/Eclipse/plugins/com.st.stm32cube.ide.mcu.externaltools.gnu-tools-for-stm32.12.3.rel1.macos64_1.0.100.202403111906/tools/bin/../lib/gcc/arm-none-eabi/12.3.1/thumb/v7e-m+fp/hard/crtbegin.o
 *(.bss*)
 .bss.hdma_sai2_b
                0x200000ec       0x60 ./Core/Src/main.o
                0x200000ec                hdma_sai2_b
 .bss.hdma_sai2_a
                0x2000014c       0x60 ./Core/Src/main.o
                0x2000014c                hdma_sai2_a
 .bss.hsai_BlockB2
                0x200001ac       0x84 ./Core/Src/main.o
                0x200001ac                hsai_BlockB2
 .bss.hsai_BlockA2
                0x20000230       0x84 ./Core/Src/main.o
                0x20000230                hsai_BlockA2
 .bss.hrtc      0x200002b4       0x20 ./Core/Src/main.o
                0x200002b4                hrtc
 .bss.hi2c3     0x200002d4       0x54 ./Core/Src/main.o
                0x200002d4                hi2c3
 .bss.wm8994_INIT
                0x20000328       0x14 ./Core/Src/main.o
                0x20000328                wm8994_INIT
 .bss.wm8994_Obj
                0x2000033c       0x28 ./Core/Src/main.o
                0x2000033c                wm8994_Obj
 .bss.AUDIO_OUT_DATA
                0x20000364      0x200 ./Core/Src/main.o
                0x20000364                AUDIO_OUT_DATA
 .bss.AUDIO_IN_DATA
                0x20000564      0x200 ./Core/Src/main.o
                0x20000564                AUDIO_IN_DATA
 .bss.SAI2_client
                0x20000764        0x4 ./Core/Src/stm32f7xx_hal_msp.o
 .bss.htim6     0x20000768       0x4c ./Core/Src/stm32f7xx_hal_timebase_tim.o
                0x20000768                htim6
 .bss.__sbrk_heap_end
                0x200007b4        0x4 ./Core/Src/sysmem.o
 .bss.uwTick    0x200007b8        0x4 ./Drivers/STM32F7xx_HAL_Driver/Src/stm32f7xx_hal.o
                0x200007b8                uwTick
 .bss.Appli_state
                0x200007bc        0x1 ./USB_HOST/App/usb_host.o
                0x200007bc                Appli_state
 *fill*         0x200007bd        0x3 
 .bss.hUsbHostFS
                0x200007c0      0x3d8 ./USB_HOST/App/usb_host.o
                0x200007c0                hUsbHostFS
 .bss.hhcd_USB_OTG_FS
                0x20000b98      0x3e0 ./USB_HOST/Target/usbh_conf.o
                0x20000b98                hhcd_USB_OTG_FS
 .bss.__malloc_sbrk_start
                0x20000f78        0x4 /Applications/STM32CubeIDE.app/Contents/Eclipse/plugins/com.st.stm32cube.ide.mcu.externaltools.gnu-tools-for-stm32.12.3.rel1.macos64_1.0.100.202403111906/tools/bin/../lib/gcc/arm-none-eabi/12.3.1/../../../../arm-none-eabi/lib/thumb/v7e-m+fp/hard/libc_nano.a(libc_a-mallocr.o)
                0x20000f78                __malloc_sbrk_start
 .bss.__malloc_free_list
                0x20000f7c        0x4 /Applications/STM32CubeIDE.app/Contents/Eclipse/plugins/com.st.stm32cube.ide.mcu.externaltools.gnu-tools-for-stm32.12.3.rel1.macos64_1.0.100.202403111906/tools/bin/../lib/gcc/arm-none-eabi/12.3.1/../../../../arm-none-eabi/lib/thumb/v7e-m+fp/hard/libc_nano.a(libc_a-mallocr.o)
                0x20000f7c                __malloc_free_list
 .bss.__sf      0x20000f80      0x138 /Applications/STM32CubeIDE.app/Contents/Eclipse/plugins/com.st.stm32cube.ide.mcu.externaltools.gnu-tools-for-stm32.12.3.rel1.macos64_1.0.100.202403111906/tools/bin/../lib/gcc/arm-none-eabi/12.3.1/../../../../arm-none-eabi/lib/thumb/v7e-m+fp/hard/libc_nano.a(libc_a-findfp.o)
                0x20000f80                __sf
 .bss.__lock___malloc_recursive_mutex
                0x200010b8        0x1 /Applications/STM32CubeIDE.app/Contents/Eclipse/plugins/com.st.stm32cube.ide.mcu.externaltools.gnu-tools-for-stm32.12.3.rel1.macos64_1.0.100.202403111906/tools/bin/../lib/gcc/arm-none-eabi/12.3.1/../../../../arm-none-eabi/lib/thumb/v7e-m+fp/hard/libc_nano.a(libc_a-lock.o)
                0x200010b8                __lock___malloc_recursive_mutex
 *fill*         0x200010b9        0x3 
 .bss.errno     0x200010bc        0x4 /Applications/STM32CubeIDE.app/Contents/Eclipse/plugins/com.st.stm32cube.ide.mcu.externaltools.gnu-tools-for-stm32.12.3.rel1.macos64_1.0.100.202403111906/tools/bin/../lib/gcc/arm-none-eabi/12.3.1/../../../../arm-none-eabi/lib/thumb/v7e-m+fp/hard/libc_nano.a(libc_a-reent.o)
                0x200010bc                errno
 *(COMMON)
                0x200010c0                        . = ALIGN (0x4)
                0x200010c0                        _ebss = .
                0x200010c0                        __bss_end__ = _ebss

._user_heap_stack
                0x200010c0      0x600 load address 0x08006bb0
                0x200010c0                        . = ALIGN (0x8)
                [!provide]                        PROVIDE (end = .)
                0x200010c0                        PROVIDE (_end = .)
                0x200012c0                        . = (. + _Min_Heap_Size)
 *fill*         0x200010c0      0x200 
                0x200016c0                        . = (. + _Min_Stack_Size)
 *fill*         0x200012c0      0x400 
                0x200016c0                        . = ALIGN (0x8)

/DISCARD/
 libc.a(*)
 libm.a(*)
 libgcc.a(*)

.ARM.attributes
                0x00000000       0x30
 *(.ARM.attributes)
 .ARM.attributes
                0x00000000       0x22 /Applications/STM32CubeIDE.app/Contents/Eclipse/plugins/com.st.stm32cube.ide.mcu.externaltools.gnu-tools-for-stm32.12.3.rel1.macos64_1.0.100.202403111906/tools/bin/../lib/gcc/arm-none-eabi/12.3.1/thumb/v7e-m+fp/hard/crti.o
 .ARM.attributes
                0x00000022       0x34 /Applications/STM32CubeIDE.app/Contents/Eclipse/plugins/com.st.stm32cube.ide.mcu.externaltools.gnu-tools-for-stm32.12.3.rel1.macos64_1.0.100.202403111906/tools/bin/../lib/gcc/arm-none-eabi/12.3.1/thumb/v7e-m+fp/hard/crtbegin.o
 .ARM.attributes
                0x00000056       0x34 ./Core/Src/main.o
 .ARM.attributes
                0x0000008a       0x34 ./Core/Src/stm32f7xx_hal_msp.o
 .ARM.attributes
                0x000000be       0x34 ./Core/Src/stm32f7xx_hal_timebase_tim.o
 .ARM.attributes
                0x000000f2       0x34 ./Core/Src/stm32f7xx_it.o
 .ARM.attributes
                0x00000126       0x34 ./Core/Src/sysmem.o
 .ARM.attributes
                0x0000015a       0x34 ./Core/Src/system_stm32f7xx.o
 .ARM.attributes
                0x0000018e       0x21 ./Core/Startup/startup_stm32f746nghx.o
 .ARM.attributes
                0x000001af       0x34 ./Drivers/STM32F7xx_HAL_Driver/Src/stm32f7xx_hal.o
 .ARM.attributes
                0x000001e3       0x34 ./Drivers/STM32F7xx_HAL_Driver/Src/stm32f7xx_hal_cortex.o
 .ARM.attributes
                0x00000217       0x34 ./Drivers/STM32F7xx_HAL_Driver/Src/stm32f7xx_hal_dma.o
 .ARM.attributes
                0x0000024b       0x34 ./Drivers/STM32F7xx_HAL_Driver/Src/stm32f7xx_hal_gpio.o
 .ARM.attributes
                0x0000027f       0x34 ./Drivers/STM32F7xx_HAL_Driver/Src/stm32f7xx_hal_hcd.o
 .ARM.attributes
                0x000002b3       0x34 ./Drivers/STM32F7xx_HAL_Driver/Src/stm32f7xx_hal_i2c.o
 .ARM.attributes
                0x000002e7       0x34 ./Drivers/STM32F7xx_HAL_Driver/Src/stm32f7xx_hal_i2c_ex.o
 .ARM.attributes
                0x0000031b       0x34 ./Drivers/STM32F7xx_HAL_Driver/Src/stm32f7xx_hal_pwr.o
 .ARM.attributes
                0x0000034f       0x34 ./Drivers/STM32F7xx_HAL_Driver/Src/stm32f7xx_hal_pwr_ex.o
 .ARM.attributes
                0x00000383       0x34 ./Drivers/STM32F7xx_HAL_Driver/Src/stm32f7xx_hal_rcc.o
 .ARM.attributes
                0x000003b7       0x34 ./Drivers/STM32F7xx_HAL_Driver/Src/stm32f7xx_hal_rcc_ex.o
 .ARM.attributes
                0x000003eb       0x34 ./Drivers/STM32F7xx_HAL_Driver/Src/stm32f7xx_hal_rtc.o
 .ARM.attributes
                0x0000041f       0x34 ./Drivers/STM32F7xx_HAL_Driver/Src/stm32f7xx_hal_rtc_ex.o
 .ARM.attributes
                0x00000453       0x34 ./Drivers/STM32F7xx_HAL_Driver/Src/stm32f7xx_hal_sai.o
 .ARM.attributes
                0x00000487       0x34 ./Drivers/STM32F7xx_HAL_Driver/Src/stm32f7xx_hal_tim.o
 .ARM.attributes
                0x000004bb       0x34 ./Drivers/STM32F7xx_HAL_Driver/Src/stm32f7xx_hal_tim_ex.o
 .ARM.attributes
                0x000004ef       0x34 ./Drivers/STM32F7xx_HAL_Driver/Src/stm32f7xx_ll_usb.o
 .ARM.attributes
                0x00000523       0x34 ./Drivers/WM8994/Src/wm8994.o
 .ARM.attributes
                0x00000557       0x34 ./Drivers/WM8994/Src/wm8994_reg.o
 .ARM.attributes
                0x0000058b       0x34 ./Middlewares/ST/STM32_USB_Host_Library/Class/CDC/Src/usbh_cdc.o
 .ARM.attributes
                0x000005bf       0x34 ./Middlewares/ST/STM32_USB_Host_Library/Core/Src/usbh_core.o
 .ARM.attributes
                0x000005f3       0x34 ./Middlewares/ST/STM32_USB_Host_Library/Core/Src/usbh_ctlreq.o
 .ARM.attributes
                0x00000627       0x34 ./Middlewares/ST/STM32_USB_Host_Library/Core/Src/usbh_ioreq.o
 .ARM.attributes
                0x0000065b       0x34 ./Middlewares/ST/STM32_USB_Host_Library/Core/Src/usbh_pipes.o
 .ARM.attributes
                0x0000068f       0x34 ./USB_HOST/App/usb_host.o
 .ARM.attributes
                0x000006c3       0x34 ./USB_HOST/Target/usbh_conf.o
 .ARM.attributes
                0x000006f7       0x34 ./USB_HOST/Target/usbh_platform.o
 .ARM.attributes
                0x0000072b       0x34 /Applications/STM32CubeIDE.app/Contents/Eclipse/plugins/com.st.stm32cube.ide.mcu.externaltools.gnu-tools-for-stm32.12.3.rel1.macos64_1.0.100.202403111906/tools/bin/../lib/gcc/arm-none-eabi/12.3.1/../../../../arm-none-eabi/lib/thumb/v7e-m+fp/hard/libc_nano.a(libc_a-malloc.o)
 .ARM.attributes
                0x0000075f       0x34 /Applications/STM32CubeIDE.app/Contents/Eclipse/plugins/com.st.stm32cube.ide.mcu.externaltools.gnu-tools-for-stm32.12.3.rel1.macos64_1.0.100.202403111906/tools/bin/../lib/gcc/arm-none-eabi/12.3.1/../../../../arm-none-eabi/lib/thumb/v7e-m+fp/hard/libc_nano.a(libc_a-mallocr.o)
 .ARM.attributes
                0x00000793       0x34 /Applications/STM32CubeIDE.app/Contents/Eclipse/plugins/com.st.stm32cube.ide.mcu.externaltools.gnu-tools-for-stm32.12.3.rel1.macos64_1.0.100.202403111906/tools/bin/../lib/gcc/arm-none-eabi/12.3.1/../../../../arm-none-eabi/lib/thumb/v7e-m+fp/hard/libc_nano.a(libc_a-mlock.o)
 .ARM.attributes
                0x000007c7       0x34 /Applications/STM32CubeIDE.app/Contents/Eclipse/plugins/com.st.stm32cube.ide.mcu.externaltools.gnu-tools-for-stm32.12.3.rel1.macos64_1.0.100.202403111906/tools/bin/../lib/gcc/arm-none-eabi/12.3.1/../../../../arm-none-eabi/lib/thumb/v7e-m+fp/hard/libc_nano.a(libc_a-findfp.o)
 .ARM.attributes
                0x000007fb       0x34 /Applications/STM32CubeIDE.app/Contents/Eclipse/plugins/com.st.stm32cube.ide.mcu.externaltools.gnu-tools-for-stm32.12.3.rel1.macos64_1.0.100.202403111906/tools/bin/../lib/gcc/arm-none-eabi/12.3.1/../../../../arm-none-eabi/lib/thumb/v7e-m+fp/hard/libc_nano.a(libc_a-memset.o)
 .ARM.attributes
                0x0000082f       0x34 /Applications/STM32CubeIDE.app/Contents/Eclipse/plugins/com.st.stm32cube.ide.mcu.externaltools.gnu-tools-for-stm32.12.3.rel1.macos64_1.0.100.202403111906/tools/bin/../lib/gcc/arm-none-eabi/12.3.1/../../../../arm-none-eabi/lib/thumb/v7e-m+fp/hard/libc_nano.a(libc_a-impure.o)
 .ARM.attributes
                0x00000863       0x34 /Applications/STM32CubeIDE.app/Contents/Eclipse/plugins/com.st.stm32cube.ide.mcu.externaltools.gnu-tools-for-stm32.12.3.rel1.macos64_1.0.100.202403111906/tools/bin/../lib/gcc/arm-none-eabi/12.3.1/../../../../arm-none-eabi/lib/thumb/v7e-m+fp/hard/libc_nano.a(libc_a-sbrkr.o)
 .ARM.attributes
                0x00000897       0x34 /Applications/STM32CubeIDE.app/Contents/Eclipse/plugins/com.st.stm32cube.ide.mcu.externaltools.gnu-tools-for-stm32.12.3.rel1.macos64_1.0.100.202403111906/tools/bin/../lib/gcc/arm-none-eabi/12.3.1/../../../../arm-none-eabi/lib/thumb/v7e-m+fp/hard/libc_nano.a(libc_a-errno.o)
 .ARM.attributes
                0x000008cb       0x34 /Applications/STM32CubeIDE.app/Contents/Eclipse/plugins/com.st.stm32cube.ide.mcu.externaltools.gnu-tools-for-stm32.12.3.rel1.macos64_1.0.100.202403111906/tools/bin/../lib/gcc/arm-none-eabi/12.3.1/../../../../arm-none-eabi/lib/thumb/v7e-m+fp/hard/libc_nano.a(libc_a-init.o)
 .ARM.attributes
                0x000008ff       0x34 /Applications/STM32CubeIDE.app/Contents/Eclipse/plugins/com.st.stm32cube.ide.mcu.externaltools.gnu-tools-for-stm32.12.3.rel1.macos64_1.0.100.202403111906/tools/bin/../lib/gcc/arm-none-eabi/12.3.1/../../../../arm-none-eabi/lib/thumb/v7e-m+fp/hard/libc_nano.a(libc_a-lock.o)
 .ARM.attributes
                0x00000933       0x34 /Applications/STM32CubeIDE.app/Contents/Eclipse/plugins/com.st.stm32cube.ide.mcu.externaltools.gnu-tools-for-stm32.12.3.rel1.macos64_1.0.100.202403111906/tools/bin/../lib/gcc/arm-none-eabi/12.3.1/../../../../arm-none-eabi/lib/thumb/v7e-m+fp/hard/libc_nano.a(libc_a-freer.o)
 .ARM.attributes
                0x00000967       0x34 /Applications/STM32CubeIDE.app/Contents/Eclipse/plugins/com.st.stm32cube.ide.mcu.externaltools.gnu-tools-for-stm32.12.3.rel1.macos64_1.0.100.202403111906/tools/bin/../lib/gcc/arm-none-eabi/12.3.1/../../../../arm-none-eabi/lib/thumb/v7e-m+fp/hard/libc_nano.a(libc_a-reent.o)
 .ARM.attributes
                0x0000099b       0x22 /Applications/STM32CubeIDE.app/Contents/Eclipse/plugins/com.st.stm32cube.ide.mcu.externaltools.gnu-tools-for-stm32.12.3.rel1.macos64_1.0.100.202403111906/tools/bin/../lib/gcc/arm-none-eabi/12.3.1/thumb/v7e-m+fp/hard/libgcc.a(_aeabi_uldivmod.o)
 .ARM.attributes
                0x000009bd       0x34 /Applications/STM32CubeIDE.app/Contents/Eclipse/plugins/com.st.stm32cube.ide.mcu.externaltools.gnu-tools-for-stm32.12.3.rel1.macos64_1.0.100.202403111906/tools/bin/../lib/gcc/arm-none-eabi/12.3.1/thumb/v7e-m+fp/hard/libgcc.a(_udivmoddi4.o)
 .ARM.attributes
                0x000009f1       0x22 /Applications/STM32CubeIDE.app/Contents/Eclipse/plugins/com.st.stm32cube.ide.mcu.externaltools.gnu-tools-for-stm32.12.3.rel1.macos64_1.0.100.202403111906/tools/bin/../lib/gcc/arm-none-eabi/12.3.1/thumb/v7e-m+fp/hard/libgcc.a(_dvmd_tls.o)
 .ARM.attributes
                0x00000a13       0x22 /Applications/STM32CubeIDE.app/Contents/Eclipse/plugins/com.st.stm32cube.ide.mcu.externaltools.gnu-tools-for-stm32.12.3.rel1.macos64_1.0.100.202403111906/tools/bin/../lib/gcc/arm-none-eabi/12.3.1/thumb/v7e-m+fp/hard/crtn.o
OUTPUT(STM32F746_DISCO_PROJECT.elf elf32-littlearm)
LOAD linker stubs
LOAD /Applications/STM32CubeIDE.app/Contents/Eclipse/plugins/com.st.stm32cube.ide.mcu.externaltools.gnu-tools-for-stm32.12.3.rel1.macos64_1.0.100.202403111906/tools/bin/../lib/gcc/arm-none-eabi/12.3.1/../../../../arm-none-eabi/lib/thumb/v7e-m+fp/hard/libc.a
LOAD /Applications/STM32CubeIDE.app/Contents/Eclipse/plugins/com.st.stm32cube.ide.mcu.externaltools.gnu-tools-for-stm32.12.3.rel1.macos64_1.0.100.202403111906/tools/bin/../lib/gcc/arm-none-eabi/12.3.1/../../../../arm-none-eabi/lib/thumb/v7e-m+fp/hard/libm.a
LOAD /Applications/STM32CubeIDE.app/Contents/Eclipse/plugins/com.st.stm32cube.ide.mcu.externaltools.gnu-tools-for-stm32.12.3.rel1.macos64_1.0.100.202403111906/tools/bin/../lib/gcc/arm-none-eabi/12.3.1/thumb/v7e-m+fp/hard/libgcc.a

.comment        0x00000000       0x43
 .comment       0x00000000       0x43 ./Core/Src/main.o
                                 0x44 (size before relaxing)
 .comment       0x00000043       0x44 ./Core/Src/stm32f7xx_hal_msp.o
 .comment       0x00000043       0x44 ./Core/Src/stm32f7xx_hal_timebase_tim.o
 .comment       0x00000043       0x44 ./Core/Src/stm32f7xx_it.o
 .comment       0x00000043       0x44 ./Core/Src/sysmem.o
 .comment       0x00000043       0x44 ./Core/Src/system_stm32f7xx.o
 .comment       0x00000043       0x44 ./Drivers/STM32F7xx_HAL_Driver/Src/stm32f7xx_hal.o
 .comment       0x00000043       0x44 ./Drivers/STM32F7xx_HAL_Driver/Src/stm32f7xx_hal_cortex.o
 .comment       0x00000043       0x44 ./Drivers/STM32F7xx_HAL_Driver/Src/stm32f7xx_hal_dma.o
 .comment       0x00000043       0x44 ./Drivers/STM32F7xx_HAL_Driver/Src/stm32f7xx_hal_gpio.o
 .comment       0x00000043       0x44 ./Drivers/STM32F7xx_HAL_Driver/Src/stm32f7xx_hal_hcd.o
 .comment       0x00000043       0x44 ./Drivers/STM32F7xx_HAL_Driver/Src/stm32f7xx_hal_i2c.o
 .comment       0x00000043       0x44 ./Drivers/STM32F7xx_HAL_Driver/Src/stm32f7xx_hal_i2c_ex.o
 .comment       0x00000043       0x44 ./Drivers/STM32F7xx_HAL_Driver/Src/stm32f7xx_hal_pwr.o
 .comment       0x00000043       0x44 ./Drivers/STM32F7xx_HAL_Driver/Src/stm32f7xx_hal_pwr_ex.o
 .comment       0x00000043       0x44 ./Drivers/STM32F7xx_HAL_Driver/Src/stm32f7xx_hal_rcc.o
 .comment       0x00000043       0x44 ./Drivers/STM32F7xx_HAL_Driver/Src/stm32f7xx_hal_rcc_ex.o
 .comment       0x00000043       0x44 ./Drivers/STM32F7xx_HAL_Driver/Src/stm32f7xx_hal_rtc.o
 .comment       0x00000043       0x44 ./Drivers/STM32F7xx_HAL_Driver/Src/stm32f7xx_hal_rtc_ex.o
 .comment       0x00000043       0x44 ./Drivers/STM32F7xx_HAL_Driver/Src/stm32f7xx_hal_sai.o
 .comment       0x00000043       0x44 ./Drivers/STM32F7xx_HAL_Driver/Src/stm32f7xx_hal_tim.o
 .comment       0x00000043       0x44 ./Drivers/STM32F7xx_HAL_Driver/Src/stm32f7xx_hal_tim_ex.o
 .comment       0x00000043       0x44 ./Drivers/STM32F7xx_HAL_Driver/Src/stm32f7xx_ll_usb.o
 .comment       0x00000043       0x44 ./Drivers/WM8994/Src/wm8994.o
 .comment       0x00000043       0x44 ./Drivers/WM8994/Src/wm8994_reg.o
 .comment       0x00000043       0x44 ./Middlewares/ST/STM32_USB_Host_Library/Class/CDC/Src/usbh_cdc.o
 .comment       0x00000043       0x44 ./Middlewares/ST/STM32_USB_Host_Library/Core/Src/usbh_core.o
 .comment       0x00000043       0x44 ./Middlewares/ST/STM32_USB_Host_Library/Core/Src/usbh_ctlreq.o
 .comment       0x00000043       0x44 ./Middlewares/ST/STM32_USB_Host_Library/Core/Src/usbh_ioreq.o
 .comment       0x00000043       0x44 ./Middlewares/ST/STM32_USB_Host_Library/Core/Src/usbh_pipes.o
 .comment       0x00000043       0x44 ./USB_HOST/App/usb_host.o
 .comment       0x00000043       0x44 ./USB_HOST/Target/usbh_conf.o
 .comment       0x00000043       0x44 ./USB_HOST/Target/usbh_platform.o

.debug_frame    0x00000000      0x40c
 .debug_frame   0x00000000       0x30 /Applications/STM32CubeIDE.app/Contents/Eclipse/plugins/com.st.stm32cube.ide.mcu.externaltools.gnu-tools-for-stm32.12.3.rel1.macos64_1.0.100.202403111906/tools/bin/../lib/gcc/arm-none-eabi/12.3.1/../../../../arm-none-eabi/lib/thumb/v7e-m+fp/hard/libc_nano.a(libc_a-malloc.o)
 .debug_frame   0x00000030       0x50 /Applications/STM32CubeIDE.app/Contents/Eclipse/plugins/com.st.stm32cube.ide.mcu.externaltools.gnu-tools-for-stm32.12.3.rel1.macos64_1.0.100.202403111906/tools/bin/../lib/gcc/arm-none-eabi/12.3.1/../../../../arm-none-eabi/lib/thumb/v7e-m+fp/hard/libc_nano.a(libc_a-mallocr.o)
 .debug_frame   0x00000080       0x30 /Applications/STM32CubeIDE.app/Contents/Eclipse/plugins/com.st.stm32cube.ide.mcu.externaltools.gnu-tools-for-stm32.12.3.rel1.macos64_1.0.100.202403111906/tools/bin/../lib/gcc/arm-none-eabi/12.3.1/../../../../arm-none-eabi/lib/thumb/v7e-m+fp/hard/libc_nano.a(libc_a-mlock.o)
 .debug_frame   0x000000b0      0x144 /Applications/STM32CubeIDE.app/Contents/Eclipse/plugins/com.st.stm32cube.ide.mcu.externaltools.gnu-tools-for-stm32.12.3.rel1.macos64_1.0.100.202403111906/tools/bin/../lib/gcc/arm-none-eabi/12.3.1/../../../../arm-none-eabi/lib/thumb/v7e-m+fp/hard/libc_nano.a(libc_a-findfp.o)
 .debug_frame   0x000001f4       0x20 /Applications/STM32CubeIDE.app/Contents/Eclipse/plugins/com.st.stm32cube.ide.mcu.externaltools.gnu-tools-for-stm32.12.3.rel1.macos64_1.0.100.202403111906/tools/bin/../lib/gcc/arm-none-eabi/12.3.1/../../../../arm-none-eabi/lib/thumb/v7e-m+fp/hard/libc_nano.a(libc_a-memset.o)
 .debug_frame   0x00000214       0x2c /Applications/STM32CubeIDE.app/Contents/Eclipse/plugins/com.st.stm32cube.ide.mcu.externaltools.gnu-tools-for-stm32.12.3.rel1.macos64_1.0.100.202403111906/tools/bin/../lib/gcc/arm-none-eabi/12.3.1/../../../../arm-none-eabi/lib/thumb/v7e-m+fp/hard/libc_nano.a(libc_a-sbrkr.o)
 .debug_frame   0x00000240       0x20 /Applications/STM32CubeIDE.app/Contents/Eclipse/plugins/com.st.stm32cube.ide.mcu.externaltools.gnu-tools-for-stm32.12.3.rel1.macos64_1.0.100.202403111906/tools/bin/../lib/gcc/arm-none-eabi/12.3.1/../../../../arm-none-eabi/lib/thumb/v7e-m+fp/hard/libc_nano.a(libc_a-errno.o)
 .debug_frame   0x00000260       0x2c /Applications/STM32CubeIDE.app/Contents/Eclipse/plugins/com.st.stm32cube.ide.mcu.externaltools.gnu-tools-for-stm32.12.3.rel1.macos64_1.0.100.202403111906/tools/bin/../lib/gcc/arm-none-eabi/12.3.1/../../../../arm-none-eabi/lib/thumb/v7e-m+fp/hard/libc_nano.a(libc_a-init.o)
 .debug_frame   0x0000028c       0xb0 /Applications/STM32CubeIDE.app/Contents/Eclipse/plugins/com.st.stm32cube.ide.mcu.externaltools.gnu-tools-for-stm32.12.3.rel1.macos64_1.0.100.202403111906/tools/bin/../lib/gcc/arm-none-eabi/12.3.1/../../../../arm-none-eabi/lib/thumb/v7e-m+fp/hard/libc_nano.a(libc_a-lock.o)
 .debug_frame   0x0000033c       0x38 /Applications/STM32CubeIDE.app/Contents/Eclipse/plugins/com.st.stm32cube.ide.mcu.externaltools.gnu-tools-for-stm32.12.3.rel1.macos64_1.0.100.202403111906/tools/bin/../lib/gcc/arm-none-eabi/12.3.1/../../../../arm-none-eabi/lib/thumb/v7e-m+fp/hard/libc_nano.a(libc_a-freer.o)
 .debug_frame   0x00000374       0x38 /Applications/STM32CubeIDE.app/Contents/Eclipse/plugins/com.st.stm32cube.ide.mcu.externaltools.gnu-tools-for-stm32.12.3.rel1.macos64_1.0.100.202403111906/tools/bin/../lib/gcc/arm-none-eabi/12.3.1/../../../../arm-none-eabi/lib/thumb/v7e-m+fp/hard/libc_nano.a(libc_a-reent.o)
 .debug_frame   0x000003ac       0x2c /Applications/STM32CubeIDE.app/Contents/Eclipse/plugins/com.st.stm32cube.ide.mcu.externaltools.gnu-tools-for-stm32.12.3.rel1.macos64_1.0.100.202403111906/tools/bin/../lib/gcc/arm-none-eabi/12.3.1/thumb/v7e-m+fp/hard/libgcc.a(_aeabi_uldivmod.o)
 .debug_frame   0x000003d8       0x34 /Applications/STM32CubeIDE.app/Contents/Eclipse/plugins/com.st.stm32cube.ide.mcu.externaltools.gnu-tools-for-stm32.12.3.rel1.macos64_1.0.100.202403111906/tools/bin/../lib/gcc/arm-none-eabi/12.3.1/thumb/v7e-m+fp/hard/libgcc.a(_udivmoddi4.o)
